Added Component: Designator=L?(IND-SMD_L13.5-W12.8)
Added Component: Designator=L?(IND-SMD_L11.0-W10.2)
Add component (AddParameter): Name = "Add into BOM"; Value = "yes"; VariantName = "[No Variations]"
Add component (AddParameter): Name = "Convert to PCB"; Value = "yes"; VariantName = "[No Variations]"
Add component (AddParameter): Name = "Datasheet"; Value = "https://atta.szlcsc.com/upload/public/pdf/source/20230706/7F3A5B39C5AD80A91C9FA782B54A296B.pdf"; VariantName = "[No Variations]"
Add component (AddParameter): Name = "DC Resistance (DCR)"; Value = "15mΩ"; VariantName = "[No Variations]"
Add component (AddParameter): Name = "Device"; Value = "CXP1050-4R7M-AG(4.7uh)"; VariantName = "[No Variations]"
Add component (AddParameter): Name = "JLCPCB Part Class"; Value = "Extended Part"; VariantName = "[No Variations]"
Add component (AddParameter): Name = "LCSC Part Name"; Value = "4.7uH ±20% 15A"; VariantName = "[No Variations]"
Add component (AddParameter): Name = "Manufacturer"; Value = "DMBJ(振宝佳)"; VariantName = "[No Variations]"
Add component (AddParameter): Name = "Manufacturer Part"; Value = "CXP1050-4R7M-AG(4.7uh)"; VariantName = "[No Variations]"
Add component (AddParameter): Name = "Rated Current"; Value = "9.5A"; VariantName = "[No Variations]"
Add component (AddParameter): Name = "Saturation Current (Isat)"; Value = "15A"; VariantName = "[No Variations]"
Add component (AddParameter): Name = "Supplier"; Value = "LCSC"; VariantName = "[No Variations]"
Add component (AddParameter): Name = "Supplier Footprint"; Value = "1050"; VariantName = "[No Variations]"
Add component (AddParameter): Name = "Supplier Part"; Value = "C7461389"; VariantName = "[No Variations]"
Add component (AddParameter): Name = "Symbol"; Value = "CXP1050-4R7M-AG(4.7UH)"; VariantName = "[No Variations]"
Add component (AddParameter): Name = "Tolerance"; Value = "±20%"; VariantName = "[No Variations]"
Add component (AddParameter): Name = "Type"; Value = "一体成型电感"; VariantName = "[No Variations]"
Add component (AddParameter): Name = "Value"; Value = "4.7uH"; VariantName = "[No Variations]"
Added Member To Class: ClassName=Power Member=Component L? 10uH
Added Member To Class: ClassName=Power Member=Component L? 10uH
