Change Component Comment : Designator=R13 Old Comment=0Ω New Comment=2KΩ
Change Component Comment : Designator=R27 Old Comment=0Ω New Comment=4KΩ
Change Component Comment : Designator=R11 Old Comment=7.5KΩ New Comment=11KΩ
Change Component Comment : Designator=R26 Old Comment=10KΩ New Comment=56KΩ
Change Component Comment : Designator=R29 Old Comment=10KΩ New Comment=56KΩ
Change Component Comment : Designator=R40 Old Comment=20KΩ New Comment=100KΩ
Change Component Comment : Designator=R42 Old Comment=20KΩ New Comment=100KΩ
Change Component Comment : Designator=R9 Old Comment=80.6KΩ New Comment=56KΩ
Added Component: Designator=L?(IND-SMD_L17.5-W17.2)
Add component (AddParameter): Name = "Add into BOM"; Value = "yes"; VariantName = "[No Variations]"
Add component (AddParameter): Name = "Convert to PCB"; Value = "yes"; VariantName = "[No Variations]"
Add component (AddParameter): Name = "Datasheet"; Value = "https://atta.szlcsc.com/upload/public/pdf/source/20220224/D8C8E12B51A4AD75CA32F676574334C0.pdf"; VariantName = "[No Variations]"
Add component (AddParameter): Name = "DC Resistance (DCR)"; Value = "4.2mΩ"; VariantName = "[No Variations]"
Add component (AddParameter): Name = "Device"; Value = "SMMS1770-3R3M"; VariantName = "[No Variations]"
Add component (AddParameter): Name = "JLCPCB Part Class"; Value = "Extended Part"; VariantName = "[No Variations]"
Add component (AddParameter): Name = "LCSC Part Name"; Value = "3.3uH ±20% 54A"; VariantName = "[No Variations]"
Add component (AddParameter): Name = "Manufacturer"; Value = "SXN(顺翔诺)"; VariantName = "[No Variations]"
Add component (AddParameter): Name = "Manufacturer Part"; Value = "SMMS1770-3R3M"; VariantName = "[No Variations]"
Add component (AddParameter): Name = "Rated Current"; Value = "28A"; VariantName = "[No Variations]"
Add component (AddParameter): Name = "Ratings"; Value = "-"; VariantName = "[No Variations]"
Add component (AddParameter): Name = "Saturation Current (Isat)"; Value = "54A"; VariantName = "[No Variations]"
Add component (AddParameter): Name = "Supplier"; Value = "LCSC"; VariantName = "[No Variations]"
Add component (AddParameter): Name = "Supplier Footprint"; Value = "SMD,17.5x17.15x7mm"; VariantName = "[No Variations]"
Add component (AddParameter): Name = "Supplier Part"; Value = "C2976964"; VariantName = "[No Variations]"
Add component (AddParameter): Name = "Symbol"; Value = "SMMS1770-3R3M"; VariantName = "[No Variations]"
Add component (AddParameter): Name = "Tolerance"; Value = "±20%"; VariantName = "[No Variations]"
Add component (AddParameter): Name = "Type"; Value = "一体成型电感"; VariantName = "[No Variations]"
Add component (AddParameter): Name = "Value"; Value = "3.3uH"; VariantName = "[No Variations]"
Added Member To Class: ClassName=Power Member=Component L? 6.8uH
