Removed Pin From Net: NetName=24to12_1 Pin=C45-2
Removed Pin From Net: NetName=24to12_1 Pin=C46-2
Removed Pin From Net: NetName=24to12_1 Pin=C47-2
Removed Pin From Net: NetName=24to12_2 Pin=C54-2
Removed Pin From Net: NetName=24to12_2 Pin=C55-2
Removed Pin From Net: NetName=24to12_2 Pin=C56-2
Removed Pin From Net: NetName=3V3 Pin=C69-2
Removed Pin From Net: NetName=24to12_1 Pin=L1-2
Removed Pin From Net: NetName=24to12_2 Pin=L2-2
Removed Pin From Net: NetName=W2_1 Pin=R13-1
Removed Pin From Net: NetName=A2_1 Pin=R13-2
Removed Pin From Net: NetName=W2_2 Pin=R27-1
Removed Pin From Net: NetName=Switch1 Pin=U4-9
Removed Pin From Net: NetName=Switch2 Pin=U4-10
Removed Pin From Net: NetName=A2_1 Pin=U17-3
Removed Pin From Net: NetName=3V3 Pin=U17-11
Removed Pin From Net: NetName=A2_1 Pin=U17-13
Removed Member From Class: ClassName=Power Member=R13
Change Component Comment : Designator=R13 Old Comment=0次 New Comment=2K次
Change Component Comment : Designator=R27 Old Comment=0次 New Comment=4K次
Change Component Comment : Designator=R11 Old Comment=7.5K次 New Comment=11K次
Change Component Comment : Designator=R26 Old Comment=10K次 New Comment=56K次
Change Component Comment : Designator=R29 Old Comment=10K次 New Comment=56K次
Change Component Comment : Designator=R40 Old Comment=20K次 New Comment=100K次
Change Component Comment : Designator=R42 Old Comment=20K次 New Comment=100K次
Change Component Comment : Designator=R9 Old Comment=80.6K次 New Comment=56K次
Added Component: Designator=LED11(led0805)
Added Component: Designator=LED12(led0805)
Added Component: Designator=LED13(led0805)
Added Component: Designator=LED14(led0805)
Added Component: Designator=Q1(SOT-23-3_L2.9-W1.3-P1.90-LS2.4-BR)
Added Component: Designator=R47(R0402)
Add component (AddParameter): Name = "W"; Value = ""; VariantName = "[No Variations]"
Added Component: Designator=R48(R0402)
Add component (AddParameter): Name = "W"; Value = ""; VariantName = "[No Variations]"
Added Component: Designator=R49(R0402)
Add component (AddParameter): Name = "W"; Value = ""; VariantName = "[No Variations]"
Added Component: Designator=R50(R0402)
Add component (AddParameter): Name = "W"; Value = ""; VariantName = "[No Variations]"
Added Component: Designator=R51(R0402)
Add component (AddParameter): Name = "W"; Value = ""; VariantName = "[No Variations]"
Added Component: Designator=R52(R0402)
Add component (AddParameter): Name = "W"; Value = ""; VariantName = "[No Variations]"
Added Component: Designator=R53(R0402)
Add component (AddParameter): Name = "W"; Value = ""; VariantName = "[No Variations]"
Added Component: Designator=R54(R0402)
Add component (AddParameter): Name = "W"; Value = ""; VariantName = "[No Variations]"
Added Component: Designator=R55(R0402)
Add component (AddParameter): Name = "W"; Value = ""; VariantName = "[No Variations]"
Added Component: Designator=R56(R0402)
Add component (AddParameter): Name = "W"; Value = ""; VariantName = "[No Variations]"
Added Component: Designator=R57(R0402)
Add component (AddParameter): Name = "W"; Value = ""; VariantName = "[No Variations]"
Added Pin To Net: NetName=+5 Pin=C69-2
Added Pin To Net: NetName=GND Pin=LED11-2
Added Pin To Net: NetName=A2_1 Pin=LED12-2
Added Pin To Net: NetName=GND Pin=LED13-2
Added Pin To Net: NetName=GND Pin=LED14-2
Added Pin To Net: NetName=3V3 Pin=Q1-1
Added Pin To Net: NetName=NetR20_2 Pin=Q1-2
Added Pin To Net: NetName=NetR9_2 Pin=Q1-3
Added Pin To Net: NetName=3V3 Pin=R47-1
Added Pin To Net: NetName=W2_1 Pin=R48-1
Added Pin To Net: NetName=A2_1 Pin=R49-2
Added Pin To Net: NetName=W2_2 Pin=R50-1
Added Pin To Net: NetName=3V3 Pin=R51-1
Added Pin To Net: NetName=*RS2 Pin=R51-2
Added Pin To Net: NetName=USART1_RX Pin=R52-1
Added Pin To Net: NetName=USART1_TX Pin=R53-1
Added Pin To Net: NetName=A2_1 Pin=R56-1
Added Pin To Net: NetName=A2_1 Pin=R57-1
Added Pin To Net: NetName=Switch1 Pin=U4-3
Added Pin To Net: NetName=Switch2 Pin=U4-4
Added Pin To Net: NetName=NetR9_2 Pin=U4-43
Added Pin To Net: NetName=NetR20_2 Pin=U4-44
Added Pin To Net: NetName=+5 Pin=U14-3
Added Pin To Net: NetName=+5 Pin=U17-11
Change Net Name : Old Net Name=A2_1 New Net Name=PGND
Change Net Name : Old Net Name=ADC1 New Net Name=ADC1_VCC
Change Net Name : Old Net Name=NetR9_2 New Net Name=LM25145_1_EN
Change Net Name : Old Net Name=NetR20_2 New Net Name=LM25145_2_EN
Added Pin To Net: NetName=ADC1_CH1 Pin=R54-1
Added Pin To Net: NetName=ADC1_CH1 Pin=R56-2
Added Pin To Net: NetName=ADC1_CH1 Pin=U4-9
Added Net: Name=ADC1_CH1
Added Pin To Net: NetName=ADC1_CH2 Pin=R55-1
Added Pin To Net: NetName=ADC1_CH2 Pin=R57-2
Added Pin To Net: NetName=ADC1_CH2 Pin=U4-10
Added Net: Name=ADC1_CH2
Added Pin To Net: NetName=B2_1 Pin=R48-2
Added Pin To Net: NetName=B2_1 Pin=R49-1
Added Pin To Net: NetName=B2_1 Pin=U17-14
Added Net: Name=B2_1
Added Pin To Net: NetName=B2_2 Pin=R27-1
Added Pin To Net: NetName=B2_2 Pin=R50-2
Added Pin To Net: NetName=B2_2 Pin=U17-2
Added Net: Name=B2_2
Added Pin To Net: NetName=NetLED11_1 Pin=LED11-1
Added Pin To Net: NetName=NetLED11_1 Pin=R13-2
Added Net: Name=NetLED11_1
Added Pin To Net: NetName=NetLED12_1 Pin=LED12-1
Added Pin To Net: NetName=NetLED12_1 Pin=R47-2
Added Net: Name=NetLED12_1
Added Pin To Net: NetName=NetLED13_1 Pin=LED13-1
Added Pin To Net: NetName=NetLED13_1 Pin=R52-2
Added Net: Name=NetLED13_1
Added Pin To Net: NetName=NetLED14_1 Pin=LED14-1
Added Pin To Net: NetName=NetLED14_1 Pin=R53-2
Added Net: Name=NetLED14_1
Added Pin To Net: NetName=STATE_LED Pin=R13-1
Added Pin To Net: NetName=STATE_LED Pin=U4-40
Added Net: Name=STATE_LED
Added Pin To Net: NetName=VOUT_CH1 Pin=C45-2
Added Pin To Net: NetName=VOUT_CH1 Pin=C46-2
Added Pin To Net: NetName=VOUT_CH1 Pin=C47-2
Added Pin To Net: NetName=VOUT_CH1 Pin=L1-2
Added Pin To Net: NetName=VOUT_CH1 Pin=R54-2
Added Net: Name=VOUT_CH1
Added Pin To Net: NetName=VOUT_CH2 Pin=C54-2
Added Pin To Net: NetName=VOUT_CH2 Pin=C55-2
Added Pin To Net: NetName=VOUT_CH2 Pin=C56-2
Added Pin To Net: NetName=VOUT_CH2 Pin=L2-2
Added Pin To Net: NetName=VOUT_CH2 Pin=R55-2
Added Net: Name=VOUT_CH2
Added Member To Class: ClassName=Main Member=Component LED11 LED
Added Member To Class: ClassName=Power Member=Component LED12 LED
Added Member To Class: ClassName=Power Member=Component LED13 LED
Added Member To Class: ClassName=Power Member=Component LED14 LED
Added Member To Class: ClassName=Power Member=Component Q1 SS8050
Added Member To Class: ClassName=Main Member=Component R13 2K次
Added Member To Class: ClassName=Power Member=Component R47 2K次
Added Member To Class: ClassName=Power Member=Component R48 0
Added Member To Class: ClassName=Power Member=Component R49 2K次
Added Member To Class: ClassName=Power Member=Component R50 0K次
Added Member To Class: ClassName=Power Member=Component R51 10K次
Added Member To Class: ClassName=Power Member=Component R52 2K次
Added Member To Class: ClassName=Power Member=Component R53 2K次
Added Member To Class: ClassName=Main Member=Component R54 10K次
Added Member To Class: ClassName=Main Member=Component R55 10K次
Added Member To Class: ClassName=Main Member=Component R56 1K次
Added Member To Class: ClassName=Main Member=Component R57 1K次
Added Room: Name=Main
Added Room: Name=Power
