Component: ARM Compiler 5.06 update 4 (build 422) Tool: armlink [4d35d2]

==============================================================================

Section Cross References

    startup_stm32g474xx.o(STACK) refers (Special) to heapauxi.o(.text) for __use_two_region_memory
    startup_stm32g474xx.o(HEAP) refers (Special) to heapauxi.o(.text) for __use_two_region_memory
    startup_stm32g474xx.o(RESET) refers (Special) to heapauxi.o(.text) for __use_two_region_memory
    startup_stm32g474xx.o(RESET) refers to startup_stm32g474xx.o(STACK) for __initial_sp
    startup_stm32g474xx.o(RESET) refers to startup_stm32g474xx.o(.text) for Reset_Handler
    startup_stm32g474xx.o(RESET) refers to stm32g4xx_it.o(i.NMI_Handler) for NMI_Handler
    startup_stm32g474xx.o(RESET) refers to stm32g4xx_it.o(i.HardFault_Handler) for HardFault_Handler
    startup_stm32g474xx.o(RESET) refers to stm32g4xx_it.o(i.MemManage_Handler) for MemManage_Handler
    startup_stm32g474xx.o(RESET) refers to stm32g4xx_it.o(i.BusFault_Handler) for BusFault_Handler
    startup_stm32g474xx.o(RESET) refers to stm32g4xx_it.o(i.UsageFault_Handler) for UsageFault_Handler
    startup_stm32g474xx.o(RESET) refers to stm32g4xx_it.o(i.SVC_Handler) for SVC_Handler
    startup_stm32g474xx.o(RESET) refers to stm32g4xx_it.o(i.DebugMon_Handler) for DebugMon_Handler
    startup_stm32g474xx.o(RESET) refers to stm32g4xx_it.o(i.PendSV_Handler) for PendSV_Handler
    startup_stm32g474xx.o(RESET) refers to stm32g4xx_it.o(i.SysTick_Handler) for SysTick_Handler
    startup_stm32g474xx.o(RESET) refers to stm32g4xx_it.o(i.DMA1_Channel1_IRQHandler) for DMA1_Channel1_IRQHandler
    startup_stm32g474xx.o(RESET) refers to stm32g4xx_it.o(i.TIM1_UP_TIM16_IRQHandler) for TIM1_UP_TIM16_IRQHandler
    startup_stm32g474xx.o(.text) refers (Special) to heapauxi.o(.text) for __use_two_region_memory
    startup_stm32g474xx.o(.text) refers to system_stm32g4xx.o(i.SystemInit) for SystemInit
    startup_stm32g474xx.o(.text) refers to __main.o(!!!main) for __main
    startup_stm32g474xx.o(.text) refers to startup_stm32g474xx.o(HEAP) for Heap_Mem
    startup_stm32g474xx.o(.text) refers to startup_stm32g474xx.o(STACK) for Stack_Mem
    main.o(i.SystemClock_Config) refers to rt_memclr_w.o(.text) for __aeabi_memclr4
    main.o(i.SystemClock_Config) refers to stm32g4xx_hal_pwr_ex.o(i.HAL_PWREx_ControlVoltageScaling) for HAL_PWREx_ControlVoltageScaling
    main.o(i.SystemClock_Config) refers to stm32g4xx_hal_rcc.o(i.HAL_RCC_OscConfig) for HAL_RCC_OscConfig
    main.o(i.SystemClock_Config) refers to stm32g4xx_hal_rcc.o(i.HAL_RCC_ClockConfig) for HAL_RCC_ClockConfig
    main.o(i.main) refers to stm32g4xx_hal.o(i.HAL_Init) for HAL_Init
    main.o(i.main) refers to main.o(i.SystemClock_Config) for SystemClock_Config
    main.o(i.main) refers to gpio.o(i.MX_GPIO_Init) for MX_GPIO_Init
    main.o(i.main) refers to dma.o(i.MX_DMA_Init) for MX_DMA_Init
    main.o(i.main) refers to fdcan.o(i.MX_FDCAN1_Init) for MX_FDCAN1_Init
    main.o(i.main) refers to adc.o(i.MX_ADC1_Init) for MX_ADC1_Init
    main.o(i.main) refers to spi.o(i.MX_SPI1_Init) for MX_SPI1_Init
    main.o(i.main) refers to tim.o(i.MX_TIM1_Init) for MX_TIM1_Init
    main.o(i.main) refers to usart.o(i.MX_USART1_UART_Init) for MX_USART1_UART_Init
    adc.o(i.HAL_ADC_MspInit) refers to rt_memclr_w.o(.text) for __aeabi_memclr4
    adc.o(i.HAL_ADC_MspInit) refers to stm32g4xx_hal_rcc_ex.o(i.HAL_RCCEx_PeriphCLKConfig) for HAL_RCCEx_PeriphCLKConfig
    adc.o(i.HAL_ADC_MspInit) refers to main.o(i.Error_Handler) for Error_Handler
    adc.o(i.MX_ADC1_Init) refers to rt_memclr_w.o(.text) for __aeabi_memclr4
    adc.o(i.MX_ADC1_Init) refers to stm32g4xx_hal_adc.o(i.HAL_ADC_Init) for HAL_ADC_Init
    adc.o(i.MX_ADC1_Init) refers to main.o(i.Error_Handler) for Error_Handler
    adc.o(i.MX_ADC1_Init) refers to stm32g4xx_hal_adc_ex.o(i.HAL_ADCEx_MultiModeConfigChannel) for HAL_ADCEx_MultiModeConfigChannel
    adc.o(i.MX_ADC1_Init) refers to stm32g4xx_hal_adc.o(i.HAL_ADC_ConfigChannel) for HAL_ADC_ConfigChannel
    adc.o(i.MX_ADC1_Init) refers to adc.o(.bss) for .bss
    dma.o(i.MX_DMA_Init) refers to stm32g4xx_hal_cortex.o(i.HAL_NVIC_SetPriority) for HAL_NVIC_SetPriority
    dma.o(i.MX_DMA_Init) refers to stm32g4xx_hal_cortex.o(i.HAL_NVIC_EnableIRQ) for HAL_NVIC_EnableIRQ
    fdcan.o(i.HAL_FDCAN_MspDeInit) refers to stm32g4xx_hal_gpio.o(i.HAL_GPIO_DeInit) for HAL_GPIO_DeInit
    fdcan.o(i.HAL_FDCAN_MspInit) refers to rt_memclr_w.o(.text) for __aeabi_memclr4
    fdcan.o(i.HAL_FDCAN_MspInit) refers to stm32g4xx_hal_rcc_ex.o(i.HAL_RCCEx_PeriphCLKConfig) for HAL_RCCEx_PeriphCLKConfig
    fdcan.o(i.HAL_FDCAN_MspInit) refers to main.o(i.Error_Handler) for Error_Handler
    fdcan.o(i.HAL_FDCAN_MspInit) refers to stm32g4xx_hal_gpio.o(i.HAL_GPIO_Init) for HAL_GPIO_Init
    fdcan.o(i.MX_FDCAN1_Init) refers to stm32g4xx_hal_fdcan.o(i.HAL_FDCAN_Init) for HAL_FDCAN_Init
    fdcan.o(i.MX_FDCAN1_Init) refers to main.o(i.Error_Handler) for Error_Handler
[...]
    ../clib/angel/scatter.s                  0x00000000   Number         0  __scatter.o ABSOLUTE
    ../clib/angel/startup.s                  0x00000000   Number         0  __main.o ABSOLUTE
    ../clib/angel/sys.s                      0x00000000   Number         0  indicate_semi.o ABSOLUTE
    ../clib/angel/sys.s                      0x00000000   Number         0  use_no_semi.o ABSOLUTE
    ../clib/angel/sys.s                      0x00000000   Number         0  mutex_dummy.o ABSOLUTE
    ../clib/angel/sys.s                      0x00000000   Number         0  libspace.o ABSOLUTE
    ../clib/angel/sys.s                      0x00000000   Number         0  sys_stackheap_outer.o ABSOLUTE
    ../clib/angel/sysapp.c                   0x00000000   Number         0  sys_command.o ABSOLUTE
    ../clib/angel/sysapp.c                   0x00000000   Number         0  sys_wrch.o ABSOLUTE
    ../clib/angel/sysapp.c                   0x00000000   Number         0  sys_exit.o ABSOLUTE
    ../clib/armsys.c                         0x00000000   Number         0  no_argv.o ABSOLUTE
    ../clib/armsys.c                         0x00000000   Number         0  argv_veneer.o ABSOLUTE
    ../clib/armsys.c                         0x00000000   Number         0  argv_veneer.o ABSOLUTE
    ../clib/armsys.c                         0x00000000   Number         0  _get_argv.o ABSOLUTE
    ../clib/armsys.c                         0x00000000   Number         0  _get_argv_nomalloc.o ABSOLUTE
    ../clib/fenv.c                           0x00000000   Number         0  _fptrap.o ABSOLUTE
    ../clib/fenv.c                           0x00000000   Number         0  _rserrno.o ABSOLUTE
    ../clib/heap1.c                          0x00000000   Number         0  h1_init.o ABSOLUTE
    ../clib/heap1.c                          0x00000000   Number         0  h1_free_mt.o ABSOLUTE
    ../clib/heap1.c                          0x00000000   Number         0  h1_free.o ABSOLUTE
    ../clib/heap1.c                          0x00000000   Number         0  h1_extend_mt.o ABSOLUTE
    ../clib/heap1.c                          0x00000000   Number         0  h1_extend.o ABSOLUTE
    ../clib/heap1.c                          0x00000000   Number         0  h1_final_mt.o ABSOLUTE
    ../clib/heap1.c                          0x00000000   Number         0  h1_final.o ABSOLUTE
    ../clib/heap1.c                          0x00000000   Number         0  h1_alloc_mt.o ABSOLUTE
    ../clib/heap1.c                          0x00000000   Number         0  h1_init_mt.o ABSOLUTE
    ../clib/heap1.c                          0x00000000   Number         0  h1_alloc.o ABSOLUTE
    ../clib/heap2.c                          0x00000000   Number         0  heap2mt.o ABSOLUTE
    ../clib/heap2.c                          0x00000000   Number         0  heap2.o ABSOLUTE
    ../clib/heap2.c                          0x00000000   Number         0  fdtree.o ABSOLUTE
    ../clib/heapalloc.c                      0x00000000   Number         0  malloc.o ABSOLUTE
    ../clib/heapalloc.c                      0x00000000   Number         0  maybetermalloc1.o ABSOLUTE
    ../clib/heapalloc.c                      0x00000000   Number         0  maybetermalloc2.o ABSOLUTE
    ../clib/heapalloc.c                      0x00000000   Number         0  maybetermalloc2.o ABSOLUTE
    ../clib/heapalloc.c                      0x00000000   Number         0  maybetermalloc1.o ABSOLUTE
    ../clib/heapalloc.c                      0x00000000   Number         0  hrguard.o ABSOLUTE
    ../clib/heapalloc.c                      0x00000000   Number         0  heapstubs.o ABSOLUTE
    ../clib/heapalloc.c                      0x00000000   Number         0  free.o ABSOLUTE
    ../clib/heapalloc.c                      0x00000000   Number         0  init_alloc.o ABSOLUTE
    ../clib/heapalloc.c                      0x00000000   Number         0  hguard.o ABSOLUTE
    ../clib/heapalloc.c                      0x00000000   Number         0  term_alloc.o ABSOLUTE
    ../clib/heapaux.c                        0x00000000   Number         0  heapauxi.o ABSOLUTE
    ../clib/heapaux.c                        0x00000000   Number         0  heapauxa.o ABSOLUTE
    ../clib/libinit.s                        0x00000000   Number         0  libshutdown2.o ABSOLUTE
    ../clib/libinit.s                        0x00000000   Number         0  libinit.o ABSOLUTE
    ../clib/libinit.s                        0x00000000   Number         0  libinit2.o ABSOLUTE
    ../clib/libinit.s                        0x00000000   Number         0  libshutdown.o ABSOLUTE
    ../clib/longlong.s                       0x00000000   Number         0  lludivv7m.o ABSOLUTE
    ../clib/memcpset.s                       0x00000000   Number         0  rt_memcpy_w.o ABSOLUTE
    ../clib/memcpset.s                       0x00000000   Number         0  rt_memclr_w.o ABSOLUTE
    ../clib/signal.c                         0x00000000   Number         0  defsig_fpe_inner.o ABSOLUTE
    ../clib/signal.c                         0x00000000   Number         0  defsig_general.o ABSOLUTE
    ../clib/signal.c                         0x00000000   Number         0  __raise.o ABSOLUTE
    ../clib/signal.c                         0x00000000   Number         0  defsig_stak_inner.o ABSOLUTE
    ../clib/signal.c                         0x00000000   Number         0  defsig_rtred_inner.o ABSOLUTE
    ../clib/signal.c                         0x00000000   Number         0  defsig_pvfn_inner.o ABSOLUTE
    ../clib/signal.c                         0x00000000   Number         0  defsig_rtmem_formal.o ABSOLUTE
    ../clib/signal.c                         0x00000000   Number         0  defsig_rtmem_inner.o ABSOLUTE
    ../clib/signal.c                         0x00000000   Number         0  defsig_exit.o ABSOLUTE
    ../clib/signal.c                         0x00000000   Number         0  defsig_rtmem_outer.o ABSOLUTE
    ../clib/signal.c                         0x00000000   Number         0  defsig_abrt_inner.o ABSOLUTE
    ../clib/signal.c                         0x00000000   Number         0  defsig_fpe_outer.o ABSOLUTE
    ../clib/signal.c                         0x00000000   Number         0  defsig_fpe_formal.o ABSOLUTE
    ../clib/signal.c                         0x00000000   Number         0  defsig_cppl_inner.o ABSOLUTE
    ../clib/signal.c                         0x00000000   Number         0  defsig_segv_inner.o ABSOLUTE
    ../clib/signal.c                         0x00000000   Number         0  defsig_other.o ABSOLUTE
    ../clib/signal.s                         0x00000000   Number         0  defsig.o ABSOLUTE
    ../clib/stdlib.c                         0x00000000   Number         0  exit.o ABSOLUTE
    ../fplib/d2f.s                           0x00000000   Number         0  d2f_clz.o ABSOLUTE
    ../fplib/daddsub.s                       0x00000000   Number         0  daddsub_clz.o ABSOLUTE
    ../fplib/dflt.s                          0x00000000   Number         0  dflt_clz.o ABSOLUTE
    ../fplib/dmul.s                          0x00000000   Number         0  dmul_clz.o ABSOLUTE
    ../fplib/dnaninf.s                       0x00000000   Number         0  dnaninf.o ABSOLUTE
    ../fplib/drenorm.s                       0x00000000   Number         0  drenorm_clz.o ABSOLUTE
    ../fplib/dretinf.s                       0x00000000   Number         0  dretinf.o ABSOLUTE
    ../fplib/dunder.s                        0x00000000   Number         0  dunder_clz.o ABSOLUTE
    ../fplib/except.s                        0x00000000   Number         0  except.o ABSOLUTE
    ../fplib/f2d.s                           0x00000000   Number         0  f2d.o ABSOLUTE
    ../fplib/ffltll.s                        0x00000000   Number         0  ffltll_clz.o ABSOLUTE
    ../fplib/fnaninf.s                       0x00000000   Number         0  fnaninf.o ABSOLUTE
    ../fplib/fpinit.s                        0x00000000   Number         0  fpinit.o ABSOLUTE
    ../fplib/fretinf.s                       0x00000000   Number         0  fretinf.o ABSOLUTE
    ../fplib/funder.s                        0x00000000   Number         0  funder_clz.o ABSOLUTE
    ../fplib/istatus.s                       0x00000000   Number         0  istatus.o ABSOLUTE
    ../fplib/retnan.s                        0x00000000   Number         0  retnan.o ABSOLUTE
    ../fplib/trapv.s                         0x00000000   Number         0  trapv.o ABSOLUTE
    ../fplib/usenofp.s                       0x00000000   Number         0  usenofp.o ABSOLUTE
    ../mathlib/acosf.c                       0x00000000   Number         0  acosf.o ABSOLUTE
    ../mathlib/acosf.c                       0x00000000   Number         0  acosf_x.o ABSOLUTE
    ../mathlib/asinf.c                       0x00000000   Number         0  asinf.o ABSOLUTE
    ../mathlib/asinf.c                       0x00000000   Number         0  asinf_x.o ABSOLUTE
    ../mathlib/atan2f.c                      0x00000000   Number         0  atan2f.o ABSOLUTE
    ../mathlib/atan2f.c                      0x00000000   Number         0  atan2f_x.o ABSOLUTE
    ../mathlib/fpclassifyf.c                 0x00000000   Number         0  fpclassifyf.o ABSOLUTE
    ../mathlib/funder.c                      0x00000000   Number         0  funder.o ABSOLUTE
    ../mathlib/powf.c                        0x00000000   Number         0  powf.o ABSOLUTE
    ../mathlib/powf.c                        0x00000000   Number         0  powf_x.o ABSOLUTE
    ../mathlib/sqrtf.c                       0x00000000   Number         0  sqrtf_full.o ABSOLUTE
    ../mathlib/sqrtf.c                       0x00000000   Number         0  sqrtf_full_x.o ABSOLUTE
    ..\..\Source\MatrixFunctions\arm_mat_add_f32.c 0x00000000   Number         0  arm_mat_add_f32.o ABSOLUTE
    ..\..\Source\MatrixFunctions\arm_mat_init_f32.c 0x00000000   Number         0  arm_mat_init_f32.o ABSOLUTE
    ..\..\Source\MatrixFunctions\arm_mat_inverse_f32.c 0x00000000   Number         0  arm_mat_inverse_f32.o ABSOLUTE
    ..\..\Source\MatrixFunctions\arm_mat_mult_f32.c 0x00000000   Number         0  arm_mat_mult_f32.o ABSOLUTE
    ..\..\Source\MatrixFunctions\arm_mat_sub_f32.c 0x00000000   Number         0  arm_mat_sub_f32.o ABSOLUTE
    ..\..\Source\MatrixFunctions\arm_mat_trans_f32.c 0x00000000   Number         0  arm_mat_trans_f32.o ABSOLUTE
    ..\Core\Src\adc.c                        0x00000000   Number         0  adc.o ABSOLUTE
    ..\Core\Src\dma.c                        0x00000000   Number         0  dma.o ABSOLUTE
    ..\Core\Src\fdcan.c                      0x00000000   Number         0  fdcan.o ABSOLUTE
    ..\Core\Src\gpio.c                       0x00000000   Number         0  gpio.o ABSOLUTE
    ..\Core\Src\main.c                       0x00000000   Number         0  main.o ABSOLUTE
    ..\Core\Src\spi.c                        0x00000000   Number         0  spi.o ABSOLUTE
    ..\Core\Src\stm32g4xx_hal_msp.c          0x00000000   Number         0  stm32g4xx_hal_msp.o ABSOLUTE
    ..\Core\Src\stm32g4xx_it.c               0x00000000   Number         0  stm32g4xx_it.o ABSOLUTE
    ..\Core\Src\system_stm32g4xx.c           0x00000000   Number         0  system_stm32g4xx.o ABSOLUTE
    ..\Core\Src\tim.c                        0x00000000   Number         0  tim.o ABSOLUTE
    ..\Core\Src\usart.c                      0x00000000   Number         0  usart.o ABSOLUTE
    ..\Drivers\STM32G4xx_HAL_Driver\Src\stm32g4xx_hal.c 0x00000000   Number         0  stm32g4xx_hal.o ABSOLUTE
    ..\Drivers\STM32G4xx_HAL_Driver\Src\stm32g4xx_hal_adc.c 0x00000000   Number         0  stm32g4xx_hal_adc.o ABSOLUTE
    ..\Drivers\STM32G4xx_HAL_Driver\Src\stm32g4xx_hal_adc_ex.c 0x00000000   Number         0  stm32g4xx_hal_adc_ex.o ABSOLUTE
    ..\Drivers\STM32G4xx_HAL_Driver\Src\stm32g4xx_hal_cortex.c 0x00000000   Number         0  stm32g4xx_hal_cortex.o ABSOLUTE
    ..\Drivers\STM32G4xx_HAL_Driver\Src\stm32g4xx_hal_dma.c 0x00000000   Number         0  stm32g4xx_hal_dma.o ABSOLUTE
    ..\Drivers\STM32G4xx_HAL_Driver\Src\stm32g4xx_hal_dma_ex.c 0x00000000   Number         0  stm32g4xx_hal_dma_ex.o ABSOLUTE
    ..\Drivers\STM32G4xx_HAL_Driver\Src\stm32g4xx_hal_exti.c 0x00000000   Number         0  stm32g4xx_hal_exti.o ABSOLUTE
    ..\Drivers\STM32G4xx_HAL_Driver\Src\stm32g4xx_hal_fdcan.c 0x00000000   Number         0  stm32g4xx_hal_fdcan.o ABSOLUTE
    ..\Drivers\STM32G4xx_HAL_Driver\Src\stm32g4xx_hal_flash.c 0x00000000   Number         0  stm32g4xx_hal_flash.o ABSOLUTE
    ..\Drivers\STM32G4xx_HAL_Driver\Src\stm32g4xx_hal_flash_ex.c 0x00000000   Number         0  stm32g4xx_hal_flash_ex.o ABSOLUTE
    ..\Drivers\STM32G4xx_HAL_Driver\Src\stm32g4xx_hal_flash_ramfunc.c 0x00000000   Number         0  stm32g4xx_hal_flash_ramfunc.o ABSOLUTE
    ..\Drivers\STM32G4xx_HAL_Driver\Src\stm32g4xx_hal_gpio.c 0x00000000   Number         0  stm32g4xx_hal_gpio.o ABSOLUTE
    ..\Drivers\STM32G4xx_HAL_Driver\Src\stm32g4xx_hal_pwr.c 0x00000000   Number         0  stm32g4xx_hal_pwr.o ABSOLUTE
    ..\Drivers\STM32G4xx_HAL_Driver\Src\stm32g4xx_hal_pwr_ex.c 0x00000000   Number         0  stm32g4xx_hal_pwr_ex.o ABSOLUTE
    ..\Drivers\STM32G4xx_HAL_Driver\Src\stm32g4xx_hal_rcc.c 0x00000000   Number         0  stm32g4xx_hal_rcc.o ABSOLUTE
    ..\Drivers\STM32G4xx_HAL_Driver\Src\stm32g4xx_hal_rcc_ex.c 0x00000000   Number         0  stm32g4xx_hal_rcc_ex.o ABSOLUTE
    ..\Drivers\STM32G4xx_HAL_Driver\Src\stm32g4xx_hal_spi.c 0x00000000   Number         0  stm32g4xx_hal_spi.o ABSOLUTE
    ..\Drivers\STM32G4xx_HAL_Driver\Src\stm32g4xx_hal_spi_ex.c 0x00000000   Number         0  stm32g4xx_hal_spi_ex.o ABSOLUTE
    ..\Drivers\STM32G4xx_HAL_Driver\Src\stm32g4xx_hal_tim.c 0x00000000   Number         0  stm32g4xx_hal_tim.o ABSOLUTE
    ..\Drivers\STM32G4xx_HAL_Driver\Src\stm32g4xx_hal_tim_ex.c 0x00000000   Number         0  stm32g4xx_hal_tim_ex.o ABSOLUTE
    ..\Drivers\STM32G4xx_HAL_Driver\Src\stm32g4xx_hal_uart.c 0x00000000   Number         0  stm32g4xx_hal_uart.o ABSOLUTE
    ..\Drivers\STM32G4xx_HAL_Driver\Src\stm32g4xx_hal_uart_ex.c 0x00000000   Number         0  stm32g4xx_hal_uart_ex.o ABSOLUTE
    ..\\..\\Source\\MatrixFunctions\\arm_mat_add_f32.c 0x00000000   Number         0  arm_mat_add_f32.o ABSOLUTE
    ..\\..\\Source\\MatrixFunctions\\arm_mat_init_f32.c 0x00000000   Number         0  arm_mat_init_f32.o ABSOLUTE
    ..\\..\\Source\\MatrixFunctions\\arm_mat_inverse_f32.c 0x00000000   Number         0  arm_mat_inverse_f32.o ABSOLUTE
    ..\\..\\Source\\MatrixFunctions\\arm_mat_mult_f32.c 0x00000000   Number         0  arm_mat_mult_f32.o ABSOLUTE
    ..\\..\\Source\\MatrixFunctions\\arm_mat_sub_f32.c 0x00000000   Number         0  arm_mat_sub_f32.o ABSOLUTE
    ..\\..\\Source\\MatrixFunctions\\arm_mat_trans_f32.c 0x00000000   Number         0  arm_mat_trans_f32.o ABSOLUTE
    USER\Algorithm\alg_kf.c                  0x00000000   Number         0  alg_kf.o ABSOLUTE
    USER\Algorithm\alg_pid.c                 0x00000000   Number         0  alg_pid.o ABSOLUTE
    USER\Algorithm\alg_qekf.c                0x00000000   Number         0  alg_qekf.o ABSOLUTE
    USER\Algorithm\alg_swf.c                 0x00000000   Number         0  alg_swf.o ABSOLUTE
    USER\Library\lib_buff.c                  0x00000000   Number         0  lib_buff.o ABSOLUTE
    USER\Library\lib_crc.c                   0x00000000   Number         0  lib_crc.o ABSOLUTE
    USER\Library\lib_filter.c                0x00000000   Number         0  lib_filter.o ABSOLUTE
    USER\Library\lib_math.c                  0x00000000   Number         0  lib_math.o ABSOLUTE
    USER\System\sys_dwt.c                    0x00000000   Number         0  sys_dwt.o ABSOLUTE
    USER\Utility\util_adc.c                  0x00000000   Number         0  util_adc.o ABSOLUTE
    USER\Utility\util_fdcan.c                0x00000000   Number         0  util_fdcan.o ABSOLUTE
    USER\Utility\util_gpio.c                 0x00000000   Number         0  util_gpio.o ABSOLUTE
    USER\Utility\util_pwm.c                  0x00000000   Number         0  util_pwm.o ABSOLUTE
    USER\Utility\util_spi.c                  0x00000000   Number         0  util_spi.o ABSOLUTE
    USER\Utility\util_uart.c                 0x00000000   Number         0  util_uart.o ABSOLUTE
    USER\\Algorithm\\alg_kf.c                0x00000000   Number         0  alg_kf.o ABSOLUTE
    USER\\Algorithm\\alg_pid.c               0x00000000   Number         0  alg_pid.o ABSOLUTE
    USER\\Algorithm\\alg_qekf.c              0x00000000   Number         0  alg_qekf.o ABSOLUTE
    USER\\Library\\lib_buff.c                0x00000000   Number         0  lib_buff.o ABSOLUTE
    USER\\Library\\lib_crc.c                 0x00000000   Number         0  lib_crc.o ABSOLUTE
    USER\\Library\\lib_filter.c              0x00000000   Number         0  lib_filter.o ABSOLUTE
    USER\\Library\\lib_math.c                0x00000000   Number         0  lib_math.o ABSOLUTE
    USER\\System\\sys_dwt.c                  0x00000000   Number         0  sys_dwt.o ABSOLUTE
    USER\\Utility\\util_adc.c                0x00000000   Number         0  util_adc.o ABSOLUTE
    USER\\Utility\\util_fdcan.c              0x00000000   Number         0  util_fdcan.o ABSOLUTE
    USER\\Utility\\util_gpio.c               0x00000000   Number         0  util_gpio.o ABSOLUTE
    USER\\Utility\\util_pwm.c                0x00000000   Number         0  util_pwm.o ABSOLUTE
    USER\\Utility\\util_spi.c                0x00000000   Number         0  util_spi.o ABSOLUTE
    USER\\Utility\\util_uart.c               0x00000000   Number         0  util_uart.o ABSOLUTE
    dc.s                                     0x00000000   Number         0  dc.o ABSOLUTE
    startup_stm32g474xx.s                    0x00000000   Number         0  startup_stm32g474xx.o ABSOLUTE
    RESET                                    0x08000000   Section      472  startup_stm32g474xx.o(RESET)
    !!!main                                  0x080001d8   Section        8  __main.o(!!!main)
    !!!scatter                               0x080001e0   Section       52  __scatter.o(!!!scatter)
    !!handler_copy                           0x08000214   Section       26  __scatter_copy.o(!!handler_copy)
    !!handler_zi                             0x08000230   Section       28  __scatter_zi.o(!!handler_zi)
    .ARM.Collect$$libinit$$00000000          0x0800024c   Section        2  libinit.o(.ARM.Collect$$libinit$$00000000)
    .ARM.Collect$$libinit$$00000001          0x0800024e   Section        4  libinit2.o(.ARM.Collect$$libinit$$00000001)
    .ARM.Collect$$libinit$$00000004          0x08000252   Section        0  libinit2.o(.ARM.Collect$$libinit$$00000004)
    .ARM.Collect$$libinit$$0000000A          0x08000252   Section        0  libinit2.o(.ARM.Collect$$libinit$$0000000A)
    .ARM.Collect$$libinit$$0000000C          0x08000252   Section        0  libinit2.o(.ARM.Collect$$libinit$$0000000C)
    .ARM.Collect$$libinit$$0000000E          0x08000252   Section        0  libinit2.o(.ARM.Collect$$libinit$$0000000E)
    .ARM.Collect$$libinit$$00000011          0x08000252   Section        0  libinit2.o(.ARM.Collect$$libinit$$00000011)
    .ARM.Collect$$libinit$$00000013          0x08000252   Section        0  libinit2.o(.ARM.Collect$$libinit$$00000013)
    .ARM.Collect$$libinit$$00000015          0x08000252   Section        0  libinit2.o(.ARM.Collect$$libinit$$00000015)
    .ARM.Collect$$libinit$$00000017          0x08000252   Section        0  libinit2.o(.ARM.Collect$$libinit$$00000017)
    .ARM.Collect$$libinit$$00000019          0x08000252   Section        0  libinit2.o(.ARM.Collect$$libinit$$00000019)
    .ARM.Collect$$libinit$$0000001B          0x08000252   Section        0  libinit2.o(.ARM.Collect$$libinit$$0000001B)
    .ARM.Collect$$libinit$$0000001D          0x08000252   Section        0  libinit2.o(.ARM.Collect$$libinit$$0000001D)
    .ARM.Collect$$libinit$$0000001F          0x08000252   Section        0  libinit2.o(.ARM.Collect$$libinit$$0000001F)
    .ARM.Collect$$libinit$$00000021          0x08000252   Section        0  libinit2.o(.ARM.Collect$$libinit$$00000021)
    .ARM.Collect$$libinit$$00000023          0x08000252   Section        0  libinit2.o(.ARM.Collect$$libinit$$00000023)
    .ARM.Collect$$libinit$$00000025          0x08000252   Section        0  libinit2.o(.ARM.Collect$$libinit$$00000025)
    .ARM.Collect$$libinit$$0000002C          0x08000252   Section        0  libinit2.o(.ARM.Collect$$libinit$$0000002C)
    .ARM.Collect$$libinit$$0000002E          0x08000252   Section        0  libinit2.o(.ARM.Collect$$libinit$$0000002E)
    .ARM.Collect$$libinit$$00000030          0x08000252   Section        0  libinit2.o(.ARM.Collect$$libinit$$00000030)
    .ARM.Collect$$libinit$$00000032          0x08000252   Section        0  libinit2.o(.ARM.Collect$$libinit$$00000032)
    .ARM.Collect$$libinit$$00000033          0x08000252   Section        2  libinit2.o(.ARM.Collect$$libinit$$00000033)
    .ARM.Collect$$libshutdown$$00000000      0x08000254   Section        2  libshutdown.o(.ARM.Collect$$libshutdown$$00000000)
    .ARM.Collect$$libshutdown$$00000002      0x08000256   Section        0  libshutdown2.o(.ARM.Collect$$libshutdown$$00000002)
    .ARM.Collect$$libshutdown$$00000004      0x08000256   Section        0  libshutdown2.o(.ARM.Collect$$libshutdown$$00000004)
    .ARM.Collect$$libshutdown$$00000007      0x08000256   Section        0  libshutdown2.o(.ARM.Collect$$libshutdown$$00000007)
    .ARM.Collect$$libshutdown$$0000000A      0x08000256   Section        0  libshutdown2.o(.ARM.Collect$$libshutdown$$0000000A)
    .ARM.Collect$$libshutdown$$0000000C      0x08000256   Section        0  libshutdown2.o(.ARM.Collect$$libshutdown$$0000000C)
    .ARM.Collect$$libshutdown$$0000000F      0x08000256   Section        0  libshutdown2.o(.ARM.Collect$$libshutdown$$0000000F)
    .ARM.Collect$$libshutdown$$00000010      0x08000256   Section        2  libshutdown2.o(.ARM.Collect$$libshutdown$$00000010)
    .ARM.Collect$$rtentry$$00000000          0x08000258   Section        0  __rtentry.o(.ARM.Collect$$rtentry$$00000000)
    .ARM.Collect$$rtentry$$00000002          0x08000258   Section        0  __rtentry2.o(.ARM.Collect$$rtentry$$00000002)
    .ARM.Collect$$rtentry$$00000004          0x08000258   Section        6  __rtentry4.o(.ARM.Collect$$rtentry$$00000004)
    .ARM.Collect$$rtentry$$00000009          0x0800025e   Section        0  __rtentry2.o(.ARM.Collect$$rtentry$$00000009)
    .ARM.Collect$$rtentry$$0000000A          0x0800025e   Section        4  __rtentry2.o(.ARM.Collect$$rtentry$$0000000A)
    .ARM.Collect$$rtentry$$0000000C          0x08000262   Section        0  __rtentry2.o(.ARM.Collect$$rtentry$$0000000C)
    .ARM.Collect$$rtentry$$0000000D          0x08000262   Section        8  __rtentry2.o(.ARM.Collect$$rtentry$$0000000D)
    .ARM.Collect$$rtexit$$00000000           0x0800026a   Section        2  rtexit.o(.ARM.Collect$$rtexit$$00000000)
    .ARM.Collect$$rtexit$$00000002           0x0800026c   Section        0  rtexit2.o(.ARM.Collect$$rtexit$$00000002)
    .ARM.Collect$$rtexit$$00000003           0x0800026c   Section        4  rtexit2.o(.ARM.Collect$$rtexit$$00000003)
    .ARM.Collect$$rtexit$$00000004           0x08000270   Section        6  rtexit2.o(.ARM.Collect$$rtexit$$00000004)
    .text                                    0x08000278   Section       64  startup_stm32g474xx.o(.text)
    $v0                                      0x08000278   Number         0  startup_stm32g474xx.o(.text)
    .text                                    0x080002b8   Section      238  lludivv7m.o(.text)
    .text                                    0x080003a6   Section       78  rt_memclr_w.o(.text)
    .text                                    0x080003f4   Section        0  heapauxi.o(.text)
    .text                                    0x080003fc   Section        8  libspace.o(.text)
    .text                                    0x08000404   Section        2  use_no_semi.o(.text)
    .text                                    0x08000406   Section        0  indicate_semi.o(.text)
    .text                                    0x08000406   Section       74  sys_stackheap_outer.o(.text)
    .text                                    0x08000450   Section        0  exit.o(.text)
    .text                                    0x08000464   Section        0  sys_exit.o(.text)
    i.BusFault_Handler                       0x08000470   Section        0  stm32g4xx_it.o(i.BusFault_Handler)
    i.DMA1_Channel1_IRQHandler               0x08000474   Section        0  stm32g4xx_it.o(i.DMA1_Channel1_IRQHandler)
    i.DMA_CalcDMAMUXChannelBaseAndMask       0x08000480   Section        0  stm32g4xx_hal_dma.o(i.DMA_CalcDMAMUXChannelBaseAndMask)
    DMA_CalcDMAMUXChannelBaseAndMask         0x08000481   Thumb Code    54  stm32g4xx_hal_dma.o(i.DMA_CalcDMAMUXChannelBaseAndMask)
    i.DMA_CalcDMAMUXRequestGenBaseAndMask    0x080004c0   Section        0  stm32g4xx_hal_dma.o(i.DMA_CalcDMAMUXRequestGenBaseAndMask)
    DMA_CalcDMAMUXRequestGenBaseAndMask      0x080004c1   Thumb Code    30  stm32g4xx_hal_dma.o(i.DMA_CalcDMAMUXRequestGenBaseAndMask)
    i.DebugMon_Handler                       0x080004e4   Section        0  stm32g4xx_it.o(i.DebugMon_Handler)
    i.Error_Handler                          0x080004e6   Section        0  main.o(i.Error_Handler)
    i.HAL_ADCEx_MultiModeConfigChannel       0x080004ec   Section        0  stm32g4xx_hal_adc_ex.o(i.HAL_ADCEx_MultiModeConfigChannel)
    i.HAL_ADC_ConfigChannel                  0x0800064c   Section        0  stm32g4xx_hal_adc.o(i.HAL_ADC_ConfigChannel)
    i.HAL_ADC_Init                           0x08000ab8   Section        0  stm32g4xx_hal_adc.o(i.HAL_ADC_Init)
    i.HAL_ADC_MspInit                        0x08000ce8   Section        0  adc.o(i.HAL_ADC_MspInit)
    i.HAL_DMA_IRQHandler                     0x08000d30   Section        0  stm32g4xx_hal_dma.o(i.HAL_DMA_IRQHandler)
    i.HAL_DMA_Init                           0x08000dec   Section        0  stm32g4xx_hal_dma.o(i.HAL_DMA_Init)
    i.HAL_FDCAN_Init                         0x08000eac   Section        0  stm32g4xx_hal_fdcan.o(i.HAL_FDCAN_Init)
    i.HAL_FDCAN_MspInit                      0x080010c4   Section        0  fdcan.o(i.HAL_FDCAN_MspInit)
    i.HAL_GPIO_Init                          0x08001140   Section        0  stm32g4xx_hal_gpio.o(i.HAL_GPIO_Init)
    i.HAL_GetTick                            0x08001388   Section        0  stm32g4xx_hal.o(i.HAL_GetTick)
    i.HAL_IncTick                            0x08001394   Section        0  stm32g4xx_hal.o(i.HAL_IncTick)
    i.HAL_Init                               0x080013a4   Section        0  stm32g4xx_hal.o(i.HAL_Init)
    i.HAL_InitTick                           0x080013c4   Section        0  stm32g4xx_hal.o(i.HAL_InitTick)
    i.HAL_MspInit                            0x08001408   Section        0  stm32g4xx_hal_msp.o(i.HAL_MspInit)
    i.HAL_NVIC_EnableIRQ                     0x08001438   Section        0  stm32g4xx_hal_cortex.o(i.HAL_NVIC_EnableIRQ)
    i.HAL_NVIC_SetPriority                   0x08001454   Section        0  stm32g4xx_hal_cortex.o(i.HAL_NVIC_SetPriority)
    i.HAL_NVIC_SetPriorityGrouping           0x08001494   Section        0  stm32g4xx_hal_cortex.o(i.HAL_NVIC_SetPriorityGrouping)
    i.HAL_PWREx_ControlVoltageScaling        0x080014b8   Section        0  stm32g4xx_hal_pwr_ex.o(i.HAL_PWREx_ControlVoltageScaling)
    i.HAL_PWREx_DisableUCPDDeadBattery       0x08001574   Section        0  stm32g4xx_hal_pwr_ex.o(i.HAL_PWREx_DisableUCPDDeadBattery)
    i.HAL_RCCEx_PeriphCLKConfig              0x08001584   Section        0  stm32g4xx_hal_rcc_ex.o(i.HAL_RCCEx_PeriphCLKConfig)
    i.HAL_RCC_ClockConfig                    0x08001884   Section        0  stm32g4xx_hal_rcc.o(i.HAL_RCC_ClockConfig)
    i.HAL_RCC_GetPCLK1Freq                   0x08001a60   Section        0  stm32g4xx_hal_rcc.o(i.HAL_RCC_GetPCLK1Freq)
    i.HAL_RCC_GetPCLK2Freq                   0x08001a84   Section        0  stm32g4xx_hal_rcc.o(i.HAL_RCC_GetPCLK2Freq)
    i.HAL_RCC_GetSysClockFreq                0x08001aa8   Section        0  stm32g4xx_hal_rcc.o(i.HAL_RCC_GetSysClockFreq)
    i.HAL_RCC_OscConfig                      0x08001b14   Section        0  stm32g4xx_hal_rcc.o(i.HAL_RCC_OscConfig)
    i.HAL_SPI_Init                           0x08001f18   Section        0  stm32g4xx_hal_spi.o(i.HAL_SPI_Init)
    i.HAL_SPI_MspInit                        0x08002004   Section        0  spi.o(i.HAL_SPI_MspInit)
    i.HAL_SYSTICK_Config                     0x08002064   Section        0  stm32g4xx_hal_cortex.o(i.HAL_SYSTICK_Config)
    i.HAL_TIMEx_Break2Callback               0x0800208c   Section        0  stm32g4xx_hal_tim_ex.o(i.HAL_TIMEx_Break2Callback)
    i.HAL_TIMEx_BreakCallback                0x0800208e   Section        0  stm32g4xx_hal_tim_ex.o(i.HAL_TIMEx_BreakCallback)
    i.HAL_TIMEx_CommutCallback               0x08002090   Section        0  stm32g4xx_hal_tim_ex.o(i.HAL_TIMEx_CommutCallback)
    i.HAL_TIMEx_DirectionChangeCallback      0x08002092   Section        0  stm32g4xx_hal_tim_ex.o(i.HAL_TIMEx_DirectionChangeCallback)
    i.HAL_TIMEx_EncoderIndexCallback         0x08002094   Section        0  stm32g4xx_hal_tim_ex.o(i.HAL_TIMEx_EncoderIndexCallback)
    i.HAL_TIMEx_IndexErrorCallback           0x08002096   Section        0  stm32g4xx_hal_tim_ex.o(i.HAL_TIMEx_IndexErrorCallback)
    i.HAL_TIMEx_MasterConfigSynchronization  0x08002098   Section        0  stm32g4xx_hal_tim_ex.o(i.HAL_TIMEx_MasterConfigSynchronization)
    i.HAL_TIMEx_TransitionErrorCallback      0x08002150   Section        0  stm32g4xx_hal_tim_ex.o(i.HAL_TIMEx_TransitionErrorCallback)
    i.HAL_TIM_Base_Init                      0x08002152   Section        0  stm32g4xx_hal_tim.o(i.HAL_TIM_Base_Init)
    i.HAL_TIM_Base_MspInit                   0x080021b4   Section        0  tim.o(i.HAL_TIM_Base_MspInit)
    i.HAL_TIM_ConfigClockSource              0x080021f0   Section        0  stm32g4xx_hal_tim.o(i.HAL_TIM_ConfigClockSource)
    i.HAL_TIM_IC_CaptureCallback             0x080022e0   Section        0  stm32g4xx_hal_tim.o(i.HAL_TIM_IC_CaptureCallback)
    i.HAL_TIM_IRQHandler                     0x080022e2   Section        0  stm32g4xx_hal_tim.o(i.HAL_TIM_IRQHandler)
    i.HAL_TIM_OC_DelayElapsedCallback        0x08002484   Section        0  stm32g4xx_hal_tim.o(i.HAL_TIM_OC_DelayElapsedCallback)
    i.HAL_TIM_PWM_PulseFinishedCallback      0x08002486   Section        0  stm32g4xx_hal_tim.o(i.HAL_TIM_PWM_PulseFinishedCallback)
    i.HAL_TIM_PeriodElapsedCallback          0x08002488   Section        0  stm32g4xx_hal_tim.o(i.HAL_TIM_PeriodElapsedCallback)
    i.HAL_TIM_TriggerCallback                0x0800248a   Section        0  stm32g4xx_hal_tim.o(i.HAL_TIM_TriggerCallback)
    i.HAL_UARTEx_DisableFifoMode             0x0800248c   Section        0  stm32g4xx_hal_uart_ex.o(i.HAL_UARTEx_DisableFifoMode)
    i.HAL_UARTEx_SetRxFifoThreshold          0x080024ca   Section        0  stm32g4xx_hal_uart_ex.o(i.HAL_UARTEx_SetRxFifoThreshold)
    i.HAL_UARTEx_SetTxFifoThreshold          0x08002516   Section        0  stm32g4xx_hal_uart_ex.o(i.HAL_UARTEx_SetTxFifoThreshold)
    i.HAL_UART_Init                          0x08002562   Section        0  stm32g4xx_hal_uart.o(i.HAL_UART_Init)
    i.HAL_UART_MspInit                       0x080025cc   Section        0  usart.o(i.HAL_UART_MspInit)
    i.HardFault_Handler                      0x0800267c   Section        0  stm32g4xx_it.o(i.HardFault_Handler)
    i.LL_ADC_GetOffsetChannel                0x0800267e   Section        0  stm32g4xx_hal_adc.o(i.LL_ADC_GetOffsetChannel)
    LL_ADC_GetOffsetChannel                  0x0800267f   Thumb Code    12  stm32g4xx_hal_adc.o(i.LL_ADC_GetOffsetChannel)
    i.LL_ADC_INJ_IsConversionOngoing         0x0800268a   Section        0  stm32g4xx_hal_adc.o(i.LL_ADC_INJ_IsConversionOngoing)
    LL_ADC_INJ_IsConversionOngoing           0x0800268b   Thumb Code     8  stm32g4xx_hal_adc.o(i.LL_ADC_INJ_IsConversionOngoing)
    i.LL_ADC_REG_IsConversionOngoing         0x08002692   Section        0  stm32g4xx_hal_adc.o(i.LL_ADC_REG_IsConversionOngoing)
    LL_ADC_REG_IsConversionOngoing           0x08002693   Thumb Code     8  stm32g4xx_hal_adc.o(i.LL_ADC_REG_IsConversionOngoing)
    i.LL_ADC_REG_IsConversionOngoing         0x0800269a   Section        0  stm32g4xx_hal_adc_ex.o(i.LL_ADC_REG_IsConversionOngoing)
    LL_ADC_REG_IsConversionOngoing           0x0800269b   Thumb Code     8  stm32g4xx_hal_adc_ex.o(i.LL_ADC_REG_IsConversionOngoing)
    i.LL_ADC_SetChannelSamplingTime          0x080026a2   Section        0  stm32g4xx_hal_adc.o(i.LL_ADC_SetChannelSamplingTime)
    LL_ADC_SetChannelSamplingTime            0x080026a3   Thumb Code    30  stm32g4xx_hal_adc.o(i.LL_ADC_SetChannelSamplingTime)
    i.LL_ADC_SetOffsetState                  0x080026c0   Section        0  stm32g4xx_hal_adc.o(i.LL_ADC_SetOffsetState)
    LL_ADC_SetOffsetState                    0x080026c1   Thumb Code    16  stm32g4xx_hal_adc.o(i.LL_ADC_SetOffsetState)
    i.MX_ADC1_Init                           0x080026d0   Section        0  adc.o(i.MX_ADC1_Init)
    i.MX_DMA_Init                            0x08002760   Section        0  dma.o(i.MX_DMA_Init)
    i.MX_FDCAN1_Init                         0x0800279c   Section        0  fdcan.o(i.MX_FDCAN1_Init)
    i.MX_GPIO_Init                           0x080027f4   Section        0  gpio.o(i.MX_GPIO_Init)
    i.MX_SPI1_Init                           0x08002820   Section        0  spi.o(i.MX_SPI1_Init)
    i.MX_TIM1_Init                           0x08002870   Section        0  tim.o(i.MX_TIM1_Init)
    i.MX_USART1_UART_Init                    0x080028dc   Section        0  usart.o(i.MX_USART1_UART_Init)
    i.MemManage_Handler                      0x08002944   Section        0  stm32g4xx_it.o(i.MemManage_Handler)
    i.NMI_Handler                            0x08002946   Section        0  stm32g4xx_it.o(i.NMI_Handler)
    i.PendSV_Handler                         0x08002948   Section        0  stm32g4xx_it.o(i.PendSV_Handler)
    i.SVC_Handler                            0x0800294a   Section        0  stm32g4xx_it.o(i.SVC_Handler)
    i.SysTick_Handler                        0x0800294c   Section        0  stm32g4xx_it.o(i.SysTick_Handler)
    i.SystemClock_Config                     0x08002950   Section        0  main.o(i.SystemClock_Config)
    i.SystemInit                             0x080029b8   Section        0  system_stm32g4xx.o(i.SystemInit)
    i.TIM1_UP_TIM16_IRQHandler               0x080029c8   Section        0  stm32g4xx_it.o(i.TIM1_UP_TIM16_IRQHandler)
    i.TIM_Base_SetConfig                     0x080029d4   Section        0  stm32g4xx_hal_tim.o(i.TIM_Base_SetConfig)
    i.TIM_ETR_SetConfig                      0x08002ab8   Section        0  stm32g4xx_hal_tim.o(i.TIM_ETR_SetConfig)
    i.TIM_ITRx_SetConfig                     0x08002acc   Section        0  stm32g4xx_hal_tim.o(i.TIM_ITRx_SetConfig)
    TIM_ITRx_SetConfig                       0x08002acd   Thumb Code    16  stm32g4xx_hal_tim.o(i.TIM_ITRx_SetConfig)
    i.TIM_TI1_ConfigInputStage               0x08002ae0   Section        0  stm32g4xx_hal_tim.o(i.TIM_TI1_ConfigInputStage)
    TIM_TI1_ConfigInputStage                 0x08002ae1   Thumb Code    34  stm32g4xx_hal_tim.o(i.TIM_TI1_ConfigInputStage)
    i.TIM_TI2_ConfigInputStage               0x08002b02   Section        0  stm32g4xx_hal_tim.o(i.TIM_TI2_ConfigInputStage)
    TIM_TI2_ConfigInputStage                 0x08002b03   Thumb Code    36  stm32g4xx_hal_tim.o(i.TIM_TI2_ConfigInputStage)
    i.UARTEx_SetNbDataToProcess              0x08002b28   Section        0  stm32g4xx_hal_uart_ex.o(i.UARTEx_SetNbDataToProcess)
    UARTEx_SetNbDataToProcess                0x08002b29   Thumb Code    62  stm32g4xx_hal_uart_ex.o(i.UARTEx_SetNbDataToProcess)
    i.UART_AdvFeatureConfig                  0x08002b6c   Section        0  stm32g4xx_hal_uart.o(i.UART_AdvFeatureConfig)
    i.UART_CheckIdleState                    0x08002c34   Section        0  stm32g4xx_hal_uart.o(i.UART_CheckIdleState)
    i.UART_EndRxTransfer                     0x08002ce0   Section        0  stm32g4xx_hal_uart.o(i.UART_EndRxTransfer)
    UART_EndRxTransfer                       0x08002ce1   Thumb Code    78  stm32g4xx_hal_uart.o(i.UART_EndRxTransfer)
    i.UART_SetConfig                         0x08002d34   Section        0  stm32g4xx_hal_uart.o(i.UART_SetConfig)
    i.UART_WaitOnFlagUntilTimeout            0x08002fcc   Section        0  stm32g4xx_hal_uart.o(i.UART_WaitOnFlagUntilTimeout)
    i.UsageFault_Handler                     0x08003060   Section        0  stm32g4xx_it.o(i.UsageFault_Handler)
    i.__NVIC_SetPriority                     0x08003062   Section        0  stm32g4xx_hal_cortex.o(i.__NVIC_SetPriority)
    __NVIC_SetPriority                       0x08003063   Thumb Code    32  stm32g4xx_hal_cortex.o(i.__NVIC_SetPriority)
    i.main                                   0x08003082   Section        0  main.o(i.main)
    x$fpl$fpinit                             0x080030a8   Section       10  fpinit.o(x$fpl$fpinit)
    $v0                                      0x080030a8   Number         0  fpinit.o(x$fpl$fpinit)
    .constdata                               0x080030b2   Section       24  stm32g4xx_hal_uart.o(.constdata)
    .constdata                               0x080030ca   Section       16  stm32g4xx_hal_uart_ex.o(.constdata)
    numerator                                0x080030ca   Data           8  stm32g4xx_hal_uart_ex.o(.constdata)
    denominator                              0x080030d2   Data           8  stm32g4xx_hal_uart_ex.o(.constdata)
    .constdata                               0x080030da   Section       16  system_stm32g4xx.o(.constdata)
    .constdata                               0x080030ea   Section        8  system_stm32g4xx.o(.constdata)
    .data                                    0x20000000   Section       12  stm32g4xx_hal.o(.data)
    .data                                    0x2000000c   Section        4  system_stm32g4xx.o(.data)
    .bss                                     0x20000010   Section      108  adc.o(.bss)
    .bss                                     0x2000007c   Section      100  fdcan.o(.bss)
    .bss                                     0x200000e0   Section      100  spi.o(.bss)
    .bss                                     0x20000144   Section       76  tim.o(.bss)
    .bss                                     0x20000190   Section      244  usart.o(.bss)
    .bss                                     0x20000284   Section       96  libspace.o(.bss)
    HEAP                                     0x200002e8   Section      512  startup_stm32g474xx.o(HEAP)
    Heap_Mem                                 0x200002e8   Data         512  startup_stm32g474xx.o(HEAP)
    STACK                                    0x200004e8   Section     1024  startup_stm32g474xx.o(STACK)
    Stack_Mem                                0x200004e8   Data        1024  startup_stm32g474xx.o(STACK)
    __initial_sp                             0x200008e8   Data           0  startup_stm32g474xx.o(STACK)

    Global Symbols

    Symbol Name                              Value     Ov Type        Size  Object(Section)

    BuildAttributes$$THM_ISAv4$E$P$D$K$B$S$7EM$VFPi3$EXTD16$VFPS$VFMA$PE$A:L22UL41UL21$X:L11$S22US41US21$IEEE1$IW$USESV6$~STKCKD$USESV7$~SHL$OTIME$ROPI$IEEEX$EBA8$UX$STANDARDLIB$REQ8$PRES8$EABIv2 0x00000000   Number         0  anon$$obj.o ABSOLUTE
    __ARM_use_no_argv                        0x00000000   Number         0  main.o ABSOLUTE
    __ARM_exceptions_init                     - Undefined Weak Reference
    __alloca_initialize                       - Undefined Weak Reference
    __arm_preinit_                            - Undefined Weak Reference
    __cpp_initialize__aeabi_                  - Undefined Weak Reference
    __cxa_finalize                            - Undefined Weak Reference
    __rt_locale                               - Undefined Weak Reference
    __sigvec_lookup                           - Undefined Weak Reference
    __user_heap_extent                        - Undefined Weak Reference
    _atexit_init                              - Undefined Weak Reference
    _call_atexit_fns                          - Undefined Weak Reference
    _clock_init                               - Undefined Weak Reference
    _fp_trap_big                              - Undefined Weak Reference
    _fp_trap_init                             - Undefined Weak Reference
    _fp_trap_shutdown                         - Undefined Weak Reference
    _get_lc_collate                           - Undefined Weak Reference
    _get_lc_ctype                             - Undefined Weak Reference
    _get_lc_monetary                          - Undefined Weak Reference
    _get_lc_numeric                           - Undefined Weak Reference
    _get_lc_time                              - Undefined Weak Reference
    _getenv_init                              - Undefined Weak Reference
    _handle_redirection                       - Undefined Weak Reference
    _initio                                   - Undefined Weak Reference
    _mutex_acquire                            - Undefined Weak Reference
    _mutex_free                               - Undefined Weak Reference
    _mutex_release                            - Undefined Weak Reference
    _rand_init                                - Undefined Weak Reference
    _signal_finish                            - Undefined Weak Reference
    _signal_init                              - Undefined Weak Reference
    _terminateio                              - Undefined Weak Reference
    __Vectors_Size                           0x000001d8   Number         0  startup_stm32g474xx.o ABSOLUTE
    __Vectors                                0x08000000   Data           4  startup_stm32g474xx.o(RESET)
    __Vectors_End                            0x080001d8   Data           0  startup_stm32g474xx.o(RESET)
    __main                                   0x080001d9   Thumb Code     8  __main.o(!!!main)
    __scatterload                            0x080001e1   Thumb Code     0  __scatter.o(!!!scatter)
    __scatterload_rt2                        0x080001e1   Thumb Code    44  __scatter.o(!!!scatter)
    __scatterload_rt2_thumb_only             0x080001e1   Thumb Code     0  __scatter.o(!!!scatter)
    __scatterload_null                       0x080001ef   Thumb Code     0  __scatter.o(!!!scatter)
    __scatterload_copy                       0x08000215   Thumb Code    26  __scatter_copy.o(!!handler_copy)
    __scatterload_zeroinit                   0x08000231   Thumb Code    28  __scatter_zi.o(!!handler_zi)
    __rt_lib_init                            0x0800024d   Thumb Code     0  libinit.o(.ARM.Collect$$libinit$$00000000)
    __rt_lib_init_fp_1                       0x0800024f   Thumb Code     0  libinit2.o(.ARM.Collect$$libinit$$00000001)
    __rt_lib_init_alloca_1                   0x08000253   Thumb Code     0  libinit2.o(.ARM.Collect$$libinit$$0000002E)
    __rt_lib_init_argv_1                     0x08000253   Thumb Code     0  libinit2.o(.ARM.Collect$$libinit$$0000002C)
    __rt_lib_init_atexit_1                   0x08000253   Thumb Code     0  libinit2.o(.ARM.Collect$$libinit$$0000001B)
    __rt_lib_init_clock_1                    0x08000253   Thumb Code     0  libinit2.o(.ARM.Collect$$libinit$$00000021)
    __rt_lib_init_cpp_1                      0x08000253   Thumb Code     0  libinit2.o(.ARM.Collect$$libinit$$00000032)
    __rt_lib_init_exceptions_1               0x08000253   Thumb Code     0  libinit2.o(.ARM.Collect$$libinit$$00000030)
    __rt_lib_init_fp_trap_1                  0x08000253   Thumb Code     0  libinit2.o(.ARM.Collect$$libinit$$0000001F)
    __rt_lib_init_getenv_1                   0x08000253   Thumb Code     0  libinit2.o(.ARM.Collect$$libinit$$00000023)
    __rt_lib_init_heap_1                     0x08000253   Thumb Code     0  libinit2.o(.ARM.Collect$$libinit$$0000000A)
    __rt_lib_init_lc_collate_1               0x08000253   Thumb Code     0  libinit2.o(.ARM.Collect$$libinit$$00000011)
    __rt_lib_init_lc_ctype_1                 0x08000253   Thumb Code     0  libinit2.o(.ARM.Collect$$libinit$$00000013)
    __rt_lib_init_lc_monetary_1              0x08000253   Thumb Code     0  libinit2.o(.ARM.Collect$$libinit$$00000015)
    __rt_lib_init_lc_numeric_1               0x08000253   Thumb Code     0  libinit2.o(.ARM.Collect$$libinit$$00000017)
    __rt_lib_init_lc_time_1                  0x08000253   Thumb Code     0  libinit2.o(.ARM.Collect$$libinit$$00000019)
    __rt_lib_init_preinit_1                  0x08000253   Thumb Code     0  libinit2.o(.ARM.Collect$$libinit$$00000004)
    __rt_lib_init_rand_1                     0x08000253   Thumb Code     0  libinit2.o(.ARM.Collect$$libinit$$0000000E)
    __rt_lib_init_return                     0x08000253   Thumb Code     0  libinit2.o(.ARM.Collect$$libinit$$00000033)
    __rt_lib_init_signal_1                   0x08000253   Thumb Code     0  libinit2.o(.ARM.Collect$$libinit$$0000001D)
    __rt_lib_init_stdio_1                    0x08000253   Thumb Code     0  libinit2.o(.ARM.Collect$$libinit$$00000025)
    __rt_lib_init_user_alloc_1               0x08000253   Thumb Code     0  libinit2.o(.ARM.Collect$$libinit$$0000000C)
    __rt_lib_shutdown                        0x08000255   Thumb Code     0  libshutdown.o(.ARM.Collect$$libshutdown$$00000000)
    __rt_lib_shutdown_cpp_1                  0x08000257   Thumb Code     0  libshutdown2.o(.ARM.Collect$$libshutdown$$00000002)
    __rt_lib_shutdown_fp_trap_1              0x08000257   Thumb Code     0  libshutdown2.o(.ARM.Collect$$libshutdown$$00000007)
    __rt_lib_shutdown_heap_1                 0x08000257   Thumb Code     0  libshutdown2.o(.ARM.Collect$$libshutdown$$0000000F)
    __rt_lib_shutdown_return                 0x08000257   Thumb Code     0  libshutdown2.o(.ARM.Collect$$libshutdown$$00000010)
    __rt_lib_shutdown_signal_1               0x08000257   Thumb Code     0  libshutdown2.o(.ARM.Collect$$libshutdown$$0000000A)
    __rt_lib_shutdown_stdio_1                0x08000257   Thumb Code     0  libshutdown2.o(.ARM.Collect$$libshutdown$$00000004)
    __rt_lib_shutdown_user_alloc_1           0x08000257   Thumb Code     0  libshutdown2.o(.ARM.Collect$$libshutdown$$0000000C)
    __rt_entry                               0x08000259   Thumb Code     0  __rtentry.o(.ARM.Collect$$rtentry$$00000000)
    __rt_entry_presh_1                       0x08000259   Thumb Code     0  __rtentry2.o(.ARM.Collect$$rtentry$$00000002)
    __rt_entry_sh                            0x08000259   Thumb Code     0  __rtentry4.o(.ARM.Collect$$rtentry$$00000004)
    __rt_entry_li                            0x0800025f   Thumb Code     0  __rtentry2.o(.ARM.Collect$$rtentry$$0000000A)
    __rt_entry_postsh_1                      0x0800025f   Thumb Code     0  __rtentry2.o(.ARM.Collect$$rtentry$$00000009)
    __rt_entry_main                          0x08000263   Thumb Code     0  __rtentry2.o(.ARM.Collect$$rtentry$$0000000D)
    __rt_entry_postli_1                      0x08000263   Thumb Code     0  __rtentry2.o(.ARM.Collect$$rtentry$$0000000C)
    __rt_exit                                0x0800026b   Thumb Code     0  rtexit.o(.ARM.Collect$$rtexit$$00000000)
    __rt_exit_ls                             0x0800026d   Thumb Code     0  rtexit2.o(.ARM.Collect$$rtexit$$00000003)
    __rt_exit_prels_1                        0x0800026d   Thumb Code     0  rtexit2.o(.ARM.Collect$$rtexit$$00000002)
    __rt_exit_exit                           0x08000271   Thumb Code     0  rtexit2.o(.ARM.Collect$$rtexit$$00000004)
    Reset_Handler                            0x08000279   Thumb Code     8  startup_stm32g474xx.o(.text)
    ADC1_2_IRQHandler                        0x08000293   Thumb Code     0  startup_stm32g474xx.o(.text)
    ADC3_IRQHandler                          0x08000293   Thumb Code     0  startup_stm32g474xx.o(.text)
    ADC4_IRQHandler                          0x08000293   Thumb Code     0  startup_stm32g474xx.o(.text)
    ADC5_IRQHandler                          0x08000293   Thumb Code     0  startup_stm32g474xx.o(.text)
    COMP1_2_3_IRQHandler                     0x08000293   Thumb Code     0  startup_stm32g474xx.o(.text)
    COMP4_5_6_IRQHandler                     0x08000293   Thumb Code     0  startup_stm32g474xx.o(.text)
    COMP7_IRQHandler                         0x08000293   Thumb Code     0  startup_stm32g474xx.o(.text)
    CORDIC_IRQHandler                        0x08000293   Thumb Code     0  startup_stm32g474xx.o(.text)
    CRS_IRQHandler                           0x08000293   Thumb Code     0  startup_stm32g474xx.o(.text)
    DMA1_Channel2_IRQHandler                 0x08000293   Thumb Code     0  startup_stm32g474xx.o(.text)
    DMA1_Channel3_IRQHandler                 0x08000293   Thumb Code     0  startup_stm32g474xx.o(.text)
    DMA1_Channel4_IRQHandler                 0x08000293   Thumb Code     0  startup_stm32g474xx.o(.text)
    DMA1_Channel5_IRQHandler                 0x08000293   Thumb Code     0  startup_stm32g474xx.o(.text)
    DMA1_Channel6_IRQHandler                 0x08000293   Thumb Code     0  startup_stm32g474xx.o(.text)
    DMA1_Channel7_IRQHandler                 0x08000293   Thumb Code     0  startup_stm32g474xx.o(.text)
    DMA1_Channel8_IRQHandler                 0x08000293   Thumb Code     0  startup_stm32g474xx.o(.text)
    DMA2_Channel1_IRQHandler                 0x08000293   Thumb Code     0  startup_stm32g474xx.o(.text)
    DMA2_Channel2_IRQHandler                 0x08000293   Thumb Code     0  startup_stm32g474xx.o(.text)
    DMA2_Channel3_IRQHandler                 0x08000293   Thumb Code     0  startup_stm32g474xx.o(.text)
    DMA2_Channel4_IRQHandler                 0x08000293   Thumb Code     0  startup_stm32g474xx.o(.text)
    DMA2_Channel5_IRQHandler                 0x08000293   Thumb Code     0  startup_stm32g474xx.o(.text)
    DMA2_Channel6_IRQHandler                 0x08000293   Thumb Code     0  startup_stm32g474xx.o(.text)
    DMA2_Channel7_IRQHandler                 0x08000293   Thumb Code     0  startup_stm32g474xx.o(.text)
    DMA2_Channel8_IRQHandler                 0x08000293   Thumb Code     0  startup_stm32g474xx.o(.text)
    DMAMUX_OVR_IRQHandler                    0x08000293   Thumb Code     0  startup_stm32g474xx.o(.text)
    EXTI0_IRQHandler                         0x08000293   Thumb Code     0  startup_stm32g474xx.o(.text)
    EXTI15_10_IRQHandler                     0x08000293   Thumb Code     0  startup_stm32g474xx.o(.text)
    EXTI1_IRQHandler                         0x08000293   Thumb Code     0  startup_stm32g474xx.o(.text)
    EXTI2_IRQHandler                         0x08000293   Thumb Code     0  startup_stm32g474xx.o(.text)
    EXTI3_IRQHandler                         0x08000293   Thumb Code     0  startup_stm32g474xx.o(.text)
    EXTI4_IRQHandler                         0x08000293   Thumb Code     0  startup_stm32g474xx.o(.text)
    EXTI9_5_IRQHandler                       0x08000293   Thumb Code     0  startup_stm32g474xx.o(.text)
    FDCAN1_IT0_IRQHandler                    0x08000293   Thumb Code     0  startup_stm32g474xx.o(.text)
    FDCAN1_IT1_IRQHandler                    0x08000293   Thumb Code     0  startup_stm32g474xx.o(.text)
    FDCAN2_IT0_IRQHandler                    0x08000293   Thumb Code     0  startup_stm32g474xx.o(.text)
    FDCAN2_IT1_IRQHandler                    0x08000293   Thumb Code     0  startup_stm32g474xx.o(.text)
    FDCAN3_IT0_IRQHandler                    0x08000293   Thumb Code     0  startup_stm32g474xx.o(.text)
    FDCAN3_IT1_IRQHandler                    0x08000293   Thumb Code     0  startup_stm32g474xx.o(.text)
    FLASH_IRQHandler                         0x08000293   Thumb Code     0  startup_stm32g474xx.o(.text)
    FMAC_IRQHandler                          0x08000293   Thumb Code     0  startup_stm32g474xx.o(.text)
    FMC_IRQHandler                           0x08000293   Thumb Code     0  startup_stm32g474xx.o(.text)
    FPU_IRQHandler                           0x08000293   Thumb Code     0  startup_stm32g474xx.o(.text)
    HRTIM1_FLT_IRQHandler                    0x08000293   Thumb Code     0  startup_stm32g474xx.o(.text)
    HRTIM1_Master_IRQHandler                 0x08000293   Thumb Code     0  startup_stm32g474xx.o(.text)
    HRTIM1_TIMA_IRQHandler                   0x08000293   Thumb Code     0  startup_stm32g474xx.o(.text)
    HRTIM1_TIMB_IRQHandler                   0x08000293   Thumb Code     0  startup_stm32g474xx.o(.text)
    HRTIM1_TIMC_IRQHandler                   0x08000293   Thumb Code     0  startup_stm32g474xx.o(.text)
    HRTIM1_TIMD_IRQHandler                   0x08000293   Thumb Code     0  startup_stm32g474xx.o(.text)
    HRTIM1_TIME_IRQHandler                   0x08000293   Thumb Code     0  startup_stm32g474xx.o(.text)
    HRTIM1_TIMF_IRQHandler                   0x08000293   Thumb Code     0  startup_stm32g474xx.o(.text)
    I2C1_ER_IRQHandler                       0x08000293   Thumb Code     0  startup_stm32g474xx.o(.text)
    I2C1_EV_IRQHandler                       0x08000293   Thumb Code     0  startup_stm32g474xx.o(.text)
    I2C2_ER_IRQHandler                       0x08000293   Thumb Code     0  startup_stm32g474xx.o(.text)
    I2C2_EV_IRQHandler                       0x08000293   Thumb Code     0  startup_stm32g474xx.o(.text)
    I2C3_ER_IRQHandler                       0x08000293   Thumb Code     0  startup_stm32g474xx.o(.text)
    I2C3_EV_IRQHandler                       0x08000293   Thumb Code     0  startup_stm32g474xx.o(.text)
    I2C4_ER_IRQHandler                       0x08000293   Thumb Code     0  startup_stm32g474xx.o(.text)
    I2C4_EV_IRQHandler                       0x08000293   Thumb Code     0  startup_stm32g474xx.o(.text)
    LPTIM1_IRQHandler                        0x08000293   Thumb Code     0  startup_stm32g474xx.o(.text)
    LPUART1_IRQHandler                       0x08000293   Thumb Code     0  startup_stm32g474xx.o(.text)
    PVD_PVM_IRQHandler                       0x08000293   Thumb Code     0  startup_stm32g474xx.o(.text)
    QUADSPI_IRQHandler                       0x08000293   Thumb Code     0  startup_stm32g474xx.o(.text)
    RCC_IRQHandler                           0x08000293   Thumb Code     0  startup_stm32g474xx.o(.text)
    RNG_IRQHandler                           0x08000293   Thumb Code     0  startup_stm32g474xx.o(.text)
    RTC_Alarm_IRQHandler                     0x08000293   Thumb Code     0  startup_stm32g474xx.o(.text)
    RTC_TAMP_LSECSS_IRQHandler               0x08000293   Thumb Code     0  startup_stm32g474xx.o(.text)
    RTC_WKUP_IRQHandler                      0x08000293   Thumb Code     0  startup_stm32g474xx.o(.text)
    SAI1_IRQHandler                          0x08000293   Thumb Code     0  startup_stm32g474xx.o(.text)
    SPI1_IRQHandler                          0x08000293   Thumb Code     0  startup_stm32g474xx.o(.text)
    SPI2_IRQHandler                          0x08000293   Thumb Code     0  startup_stm32g474xx.o(.text)
    SPI3_IRQHandler                          0x08000293   Thumb Code     0  startup_stm32g474xx.o(.text)
    SPI4_IRQHandler                          0x08000293   Thumb Code     0  startup_stm32g474xx.o(.text)
    TIM1_BRK_TIM15_IRQHandler                0x08000293   Thumb Code     0  startup_stm32g474xx.o(.text)
    TIM1_CC_IRQHandler                       0x08000293   Thumb Code     0  startup_stm32g474xx.o(.text)
    TIM1_TRG_COM_TIM17_IRQHandler            0x08000293   Thumb Code     0  startup_stm32g474xx.o(.text)
    TIM20_BRK_IRQHandler                     0x08000293   Thumb Code     0  startup_stm32g474xx.o(.text)
    TIM20_CC_IRQHandler                      0x08000293   Thumb Code     0  startup_stm32g474xx.o(.text)
    TIM20_TRG_COM_IRQHandler                 0x08000293   Thumb Code     0  startup_stm32g474xx.o(.text)
    TIM20_UP_IRQHandler                      0x08000293   Thumb Code     0  startup_stm32g474xx.o(.text)
    TIM2_IRQHandler                          0x08000293   Thumb Code     0  startup_stm32g474xx.o(.text)
    TIM3_IRQHandler                          0x08000293   Thumb Code     0  startup_stm32g474xx.o(.text)
    TIM4_IRQHandler                          0x08000293   Thumb Code     0  startup_stm32g474xx.o(.text)
    TIM5_IRQHandler                          0x08000293   Thumb Code     0  startup_stm32g474xx.o(.text)
    TIM6_DAC_IRQHandler                      0x08000293   Thumb Code     0  startup_stm32g474xx.o(.text)
    TIM7_DAC_IRQHandler                      0x08000293   Thumb Code     0  startup_stm32g474xx.o(.text)
    TIM8_BRK_IRQHandler                      0x08000293   Thumb Code     0  startup_stm32g474xx.o(.text)
    TIM8_CC_IRQHandler                       0x08000293   Thumb Code     0  startup_stm32g474xx.o(.text)
    TIM8_TRG_COM_IRQHandler                  0x08000293   Thumb Code     0  startup_stm32g474xx.o(.text)
    TIM8_UP_IRQHandler                       0x08000293   Thumb Code     0  startup_stm32g474xx.o(.text)
    UART4_IRQHandler                         0x08000293   Thumb Code     0  startup_stm32g474xx.o(.text)
    UART5_IRQHandler                         0x08000293   Thumb Code     0  startup_stm32g474xx.o(.text)
    UCPD1_IRQHandler                         0x08000293   Thumb Code     0  startup_stm32g474xx.o(.text)
    USART1_IRQHandler                        0x08000293   Thumb Code     0  startup_stm32g474xx.o(.text)
    USART2_IRQHandler                        0x08000293   Thumb Code     0  startup_stm32g474xx.o(.text)
    USART3_IRQHandler                        0x08000293   Thumb Code     0  startup_stm32g474xx.o(.text)
    USBWakeUp_IRQHandler                     0x08000293   Thumb Code     0  startup_stm32g474xx.o(.text)
    USB_HP_IRQHandler                        0x08000293   Thumb Code     0  startup_stm32g474xx.o(.text)
    USB_LP_IRQHandler                        0x08000293   Thumb Code     0  startup_stm32g474xx.o(.text)
    WWDG_IRQHandler                          0x08000293   Thumb Code     0  startup_stm32g474xx.o(.text)
    __user_initial_stackheap                 0x08000295   Thumb Code     0  startup_stm32g474xx.o(.text)
    __aeabi_uldivmod                         0x080002b9   Thumb Code     0  lludivv7m.o(.text)
    _ll_udiv                                 0x080002b9   Thumb Code   238  lludivv7m.o(.text)
    __aeabi_memclr4                          0x080003a7   Thumb Code     0  rt_memclr_w.o(.text)
    __aeabi_memclr8                          0x080003a7   Thumb Code     0  rt_memclr_w.o(.text)
    __rt_memclr_w                            0x080003a7   Thumb Code    78  rt_memclr_w.o(.text)
    _memset_w                                0x080003ab   Thumb Code     0  rt_memclr_w.o(.text)
    __use_two_region_memory                  0x080003f5   Thumb Code     2  heapauxi.o(.text)
    __rt_heap_escrow                         0x080003f7   Thumb Code     2  heapauxi.o(.text)
    __rt_heap_expand                         0x080003f9   Thumb Code     2  heapauxi.o(.text)
    __user_libspace                          0x080003fd   Thumb Code     8  libspace.o(.text)
    __user_perproc_libspace                  0x080003fd   Thumb Code     0  libspace.o(.text)
    __user_perthread_libspace                0x080003fd   Thumb Code     0  libspace.o(.text)
    __I$use$semihosting                      0x08000405   Thumb Code     0  use_no_semi.o(.text)
    __use_no_semihosting_swi                 0x08000405   Thumb Code     2  use_no_semi.o(.text)
    __semihosting_library_function           0x08000407   Thumb Code     0  indicate_semi.o(.text)
    __user_setup_stackheap                   0x08000407   Thumb Code    74  sys_stackheap_outer.o(.text)
    exit                                     0x08000451   Thumb Code    18  exit.o(.text)
    _sys_exit                                0x08000465   Thumb Code     8  sys_exit.o(.text)
    BusFault_Handler                         0x08000471   Thumb Code     2  stm32g4xx_it.o(i.BusFault_Handler)
    DMA1_Channel1_IRQHandler                 0x08000475   Thumb Code     6  stm32g4xx_it.o(i.DMA1_Channel1_IRQHandler)
    DebugMon_Handler                         0x080004e5   Thumb Code     2  stm32g4xx_it.o(i.DebugMon_Handler)
    Error_Handler                            0x080004e7   Thumb Code     4  main.o(i.Error_Handler)
    HAL_ADCEx_MultiModeConfigChannel         0x080004ed   Thumb Code   326  stm32g4xx_hal_adc_ex.o(i.HAL_ADCEx_MultiModeConfigChannel)
    HAL_ADC_ConfigChannel                    0x0800064d   Thumb Code  1066  stm32g4xx_hal_adc.o(i.HAL_ADC_ConfigChannel)
    HAL_ADC_Init                             0x08000ab9   Thumb Code   510  stm32g4xx_hal_adc.o(i.HAL_ADC_Init)
    HAL_ADC_MspInit                          0x08000ce9   Thumb Code    66  adc.o(i.HAL_ADC_MspInit)
    HAL_DMA_IRQHandler                       0x08000d31   Thumb Code   186  stm32g4xx_hal_dma.o(i.HAL_DMA_IRQHandler)
    HAL_DMA_Init                             0x08000ded   Thumb Code   178  stm32g4xx_hal_dma.o(i.HAL_DMA_Init)
    HAL_FDCAN_Init                           0x08000ead   Thumb Code   512  stm32g4xx_hal_fdcan.o(i.HAL_FDCAN_Init)
    HAL_FDCAN_MspInit                        0x080010c5   Thumb Code   116  fdcan.o(i.HAL_FDCAN_MspInit)
    HAL_GPIO_Init                            0x08001141   Thumb Code   550  stm32g4xx_hal_gpio.o(i.HAL_GPIO_Init)
    HAL_GetTick                              0x08001389   Thumb Code     6  stm32g4xx_hal.o(i.HAL_GetTick)
    HAL_IncTick                              0x08001395   Thumb Code    12  stm32g4xx_hal.o(i.HAL_IncTick)
    HAL_Init                                 0x080013a5   Thumb Code    30  stm32g4xx_hal.o(i.HAL_Init)
    HAL_InitTick                             0x080013c5   Thumb Code    58  stm32g4xx_hal.o(i.HAL_InitTick)
    HAL_MspInit                              0x08001409   Thumb Code    42  stm32g4xx_hal_msp.o(i.HAL_MspInit)
    HAL_NVIC_EnableIRQ                       0x08001439   Thumb Code    26  stm32g4xx_hal_cortex.o(i.HAL_NVIC_EnableIRQ)
    HAL_NVIC_SetPriority                     0x08001455   Thumb Code    60  stm32g4xx_hal_cortex.o(i.HAL_NVIC_SetPriority)
    HAL_NVIC_SetPriorityGrouping             0x08001495   Thumb Code    26  stm32g4xx_hal_cortex.o(i.HAL_NVIC_SetPriorityGrouping)
    HAL_PWREx_ControlVoltageScaling          0x080014b9   Thumb Code   174  stm32g4xx_hal_pwr_ex.o(i.HAL_PWREx_ControlVoltageScaling)
    HAL_PWREx_DisableUCPDDeadBattery         0x08001575   Thumb Code    12  stm32g4xx_hal_pwr_ex.o(i.HAL_PWREx_DisableUCPDDeadBattery)
    HAL_RCCEx_PeriphCLKConfig                0x08001585   Thumb Code   758  stm32g4xx_hal_rcc_ex.o(i.HAL_RCCEx_PeriphCLKConfig)
    HAL_RCC_ClockConfig                      0x08001885   Thumb Code   444  stm32g4xx_hal_rcc.o(i.HAL_RCC_ClockConfig)
    HAL_RCC_GetPCLK1Freq                     0x08001a61   Thumb Code    24  stm32g4xx_hal_rcc.o(i.HAL_RCC_GetPCLK1Freq)
    HAL_RCC_GetPCLK2Freq                     0x08001a85   Thumb Code    24  stm32g4xx_hal_rcc.o(i.HAL_RCC_GetPCLK2Freq)
    HAL_RCC_GetSysClockFreq                  0x08001aa9   Thumb Code    98  stm32g4xx_hal_rcc.o(i.HAL_RCC_GetSysClockFreq)
    HAL_RCC_OscConfig                        0x08001b15   Thumb Code  1028  stm32g4xx_hal_rcc.o(i.HAL_RCC_OscConfig)
    HAL_SPI_Init                             0x08001f19   Thumb Code   234  stm32g4xx_hal_spi.o(i.HAL_SPI_Init)
    HAL_SPI_MspInit                          0x08002005   Thumb Code    88  spi.o(i.HAL_SPI_MspInit)
    HAL_SYSTICK_Config                       0x08002065   Thumb Code    40  stm32g4xx_hal_cortex.o(i.HAL_SYSTICK_Config)
    HAL_TIMEx_Break2Callback                 0x0800208d   Thumb Code     2  stm32g4xx_hal_tim_ex.o(i.HAL_TIMEx_Break2Callback)
    HAL_TIMEx_BreakCallback                  0x0800208f   Thumb Code     2  stm32g4xx_hal_tim_ex.o(i.HAL_TIMEx_BreakCallback)
    HAL_TIMEx_CommutCallback                 0x08002091   Thumb Code     2  stm32g4xx_hal_tim_ex.o(i.HAL_TIMEx_CommutCallback)
    HAL_TIMEx_DirectionChangeCallback        0x08002093   Thumb Code     2  stm32g4xx_hal_tim_ex.o(i.HAL_TIMEx_DirectionChangeCallback)
    HAL_TIMEx_EncoderIndexCallback           0x08002095   Thumb Code     2  stm32g4xx_hal_tim_ex.o(i.HAL_TIMEx_EncoderIndexCallback)
    HAL_TIMEx_IndexErrorCallback             0x08002097   Thumb Code     2  stm32g4xx_hal_tim_ex.o(i.HAL_TIMEx_IndexErrorCallback)
    HAL_TIMEx_MasterConfigSynchronization    0x08002099   Thumb Code   150  stm32g4xx_hal_tim_ex.o(i.HAL_TIMEx_MasterConfigSynchronization)
    HAL_TIMEx_TransitionErrorCallback        0x08002151   Thumb Code     2  stm32g4xx_hal_tim_ex.o(i.HAL_TIMEx_TransitionErrorCallback)
    HAL_TIM_Base_Init                        0x08002153   Thumb Code    98  stm32g4xx_hal_tim.o(i.HAL_TIM_Base_Init)
    HAL_TIM_Base_MspInit                     0x080021b5   Thumb Code    50  tim.o(i.HAL_TIM_Base_MspInit)
    HAL_TIM_ConfigClockSource                0x080021f1   Thumb Code   234  stm32g4xx_hal_tim.o(i.HAL_TIM_ConfigClockSource)
    HAL_TIM_IC_CaptureCallback               0x080022e1   Thumb Code     2  stm32g4xx_hal_tim.o(i.HAL_TIM_IC_CaptureCallback)
    HAL_TIM_IRQHandler                       0x080022e3   Thumb Code   418  stm32g4xx_hal_tim.o(i.HAL_TIM_IRQHandler)
    HAL_TIM_OC_DelayElapsedCallback          0x08002485   Thumb Code     2  stm32g4xx_hal_tim.o(i.HAL_TIM_OC_DelayElapsedCallback)
    HAL_TIM_PWM_PulseFinishedCallback        0x08002487   Thumb Code     2  stm32g4xx_hal_tim.o(i.HAL_TIM_PWM_PulseFinishedCallback)
    HAL_TIM_PeriodElapsedCallback            0x08002489   Thumb Code     2  stm32g4xx_hal_tim.o(i.HAL_TIM_PeriodElapsedCallback)
    HAL_TIM_TriggerCallback                  0x0800248b   Thumb Code     2  stm32g4xx_hal_tim.o(i.HAL_TIM_TriggerCallback)
    HAL_UARTEx_DisableFifoMode               0x0800248d   Thumb Code    62  stm32g4xx_hal_uart_ex.o(i.HAL_UARTEx_DisableFifoMode)
    HAL_UARTEx_SetRxFifoThreshold            0x080024cb   Thumb Code    76  stm32g4xx_hal_uart_ex.o(i.HAL_UARTEx_SetRxFifoThreshold)
    HAL_UARTEx_SetTxFifoThreshold            0x08002517   Thumb Code    76  stm32g4xx_hal_uart_ex.o(i.HAL_UARTEx_SetTxFifoThreshold)
    HAL_UART_Init                            0x08002563   Thumb Code   106  stm32g4xx_hal_uart.o(i.HAL_UART_Init)
    HAL_UART_MspInit                         0x080025cd   Thumb Code   160  usart.o(i.HAL_UART_MspInit)
    HardFault_Handler                        0x0800267d   Thumb Code     2  stm32g4xx_it.o(i.HardFault_Handler)
    MX_ADC1_Init                             0x080026d1   Thumb Code   136  adc.o(i.MX_ADC1_Init)
    MX_DMA_Init                              0x08002761   Thumb Code    56  dma.o(i.MX_DMA_Init)
    MX_FDCAN1_Init                           0x0800279d   Thumb Code    80  fdcan.o(i.MX_FDCAN1_Init)
    MX_GPIO_Init                             0x080027f5   Thumb Code    38  gpio.o(i.MX_GPIO_Init)
    MX_SPI1_Init                             0x08002821   Thumb Code    72  spi.o(i.MX_SPI1_Init)
    MX_TIM1_Init                             0x08002871   Thumb Code   100  tim.o(i.MX_TIM1_Init)
    MX_USART1_UART_Init                      0x080028dd   Thumb Code    94  usart.o(i.MX_USART1_UART_Init)
    MemManage_Handler                        0x08002945   Thumb Code     2  stm32g4xx_it.o(i.MemManage_Handler)
    NMI_Handler                              0x08002947   Thumb Code     2  stm32g4xx_it.o(i.NMI_Handler)
    PendSV_Handler                           0x08002949   Thumb Code     2  stm32g4xx_it.o(i.PendSV_Handler)
    SVC_Handler                              0x0800294b   Thumb Code     2  stm32g4xx_it.o(i.SVC_Handler)
    SysTick_Handler                          0x0800294d   Thumb Code     4  stm32g4xx_it.o(i.SysTick_Handler)
    SystemClock_Config                       0x08002951   Thumb Code   104  main.o(i.SystemClock_Config)
    SystemInit                               0x080029b9   Thumb Code    12  system_stm32g4xx.o(i.SystemInit)
    TIM1_UP_TIM16_IRQHandler                 0x080029c9   Thumb Code     6  stm32g4xx_it.o(i.TIM1_UP_TIM16_IRQHandler)
    TIM_Base_SetConfig                       0x080029d5   Thumb Code   190  stm32g4xx_hal_tim.o(i.TIM_Base_SetConfig)
    TIM_ETR_SetConfig                        0x08002ab9   Thumb Code    20  stm32g4xx_hal_tim.o(i.TIM_ETR_SetConfig)
    UART_AdvFeatureConfig                    0x08002b6d   Thumb Code   200  stm32g4xx_hal_uart.o(i.UART_AdvFeatureConfig)
    UART_CheckIdleState                      0x08002c35   Thumb Code   172  stm32g4xx_hal_uart.o(i.UART_CheckIdleState)
    UART_SetConfig                           0x08002d35   Thumb Code   614  stm32g4xx_hal_uart.o(i.UART_SetConfig)
    UART_WaitOnFlagUntilTimeout              0x08002fcd   Thumb Code   148  stm32g4xx_hal_uart.o(i.UART_WaitOnFlagUntilTimeout)
    UsageFault_Handler                       0x08003061   Thumb Code     2  stm32g4xx_it.o(i.UsageFault_Handler)
    main                                     0x08003083   Thumb Code    38  main.o(i.main)
    _fp_init                                 0x080030a9   Thumb Code    10  fpinit.o(x$fpl$fpinit)
    __fplib_config_fpu_vfp                   0x080030b1   Thumb Code     0  fpinit.o(x$fpl$fpinit)
    __fplib_config_pureend_doubles           0x080030b1   Thumb Code     0  fpinit.o(x$fpl$fpinit)
    UARTPrescTable                           0x080030b2   Data          24  stm32g4xx_hal_uart.o(.constdata)
    AHBPrescTable                            0x080030da   Data          16  system_stm32g4xx.o(.constdata)
    APBPrescTable                            0x080030ea   Data           8  system_stm32g4xx.o(.constdata)
    Region$$Table$$Base                      0x080030f4   Number         0  anon$$obj.o(Region$$Table)
    Region$$Table$$Limit                     0x08003114   Number         0  anon$$obj.o(Region$$Table)
    uwTickPrio                               0x20000000   Data           4  stm32g4xx_hal.o(.data)
    uwTickFreq                               0x20000004   Data           4  stm32g4xx_hal.o(.data)
    uwTick                                   0x20000008   Data           4  stm32g4xx_hal.o(.data)
    SystemCoreClock                          0x2000000c   Data           4  system_stm32g4xx.o(.data)
    hadc1                                    0x20000010   Data         108  adc.o(.bss)
    hfdcan1                                  0x2000007c   Data         100  fdcan.o(.bss)
    hspi1                                    0x200000e0   Data         100  spi.o(.bss)
    htim1                                    0x20000144   Data          76  tim.o(.bss)
    huart1                                   0x20000190   Data         148  usart.o(.bss)
    hdma_usart1_rx                           0x20000224   Data          96  usart.o(.bss)
    __libspace_start                         0x20000284   Data          96  libspace.o(.bss)
    __temporary_stack_top$libspace           0x200002e4   Data           0  libspace.o(.bss)



==============================================================================

Memory Map of the image

  Image Entry point : 0x080001d9

  Load Region LR_IROM1 (Base: 0x08000000, Size: 0x00003124, Max: 0x00080000, ABSOLUTE)

    Execution Region ER_IROM1 (Base: 0x08000000, Size: 0x00003114, Max: 0x00080000, ABSOLUTE)

    Base Addr    Size         Type   Attr      Idx    E Section Name        Object

    0x08000000   0x000001d8   Data   RO            3    RESET               startup_stm32g474xx.o
    0x080001d8   0x00000008   Code   RO         6196  * !!!main             c_w.l(__main.o)
    0x080001e0   0x00000034   Code   RO         6543    !!!scatter          c_w.l(__scatter.o)
    0x08000214   0x0000001a   Code   RO         6545    !!handler_copy      c_w.l(__scatter_copy.o)
    0x0800022e   0x00000002   PAD
    0x08000230   0x0000001c   Code   RO         6547    !!handler_zi        c_w.l(__scatter_zi.o)
    0x0800024c   0x00000002   Code   RO         6482    .ARM.Collect$$libinit$$00000000  c_w.l(libinit.o)
    0x0800024e   0x00000004   Code   RO         6304    .ARM.Collect$$libinit$$00000001  c_w.l(libinit2.o)
    0x08000252   0x00000000   Code   RO         6307    .ARM.Collect$$libinit$$00000004  c_w.l(libinit2.o)
    0x08000252   0x00000000   Code   RO         6310    .ARM.Collect$$libinit$$0000000A  c_w.l(libinit2.o)
    0x08000252   0x00000000   Code   RO         6312    .ARM.Collect$$libinit$$0000000C  c_w.l(libinit2.o)
    0x08000252   0x00000000   Code   RO         6314    .ARM.Collect$$libinit$$0000000E  c_w.l(libinit2.o)
    0x08000252   0x00000000   Code   RO         6317    .ARM.Collect$$libinit$$00000011  c_w.l(libinit2.o)
    0x08000252   0x00000000   Code   RO         6319    .ARM.Collect$$libinit$$00000013  c_w.l(libinit2.o)
    0x08000252   0x00000000   Code   RO         6321    .ARM.Collect$$libinit$$00000015  c_w.l(libinit2.o)
    0x08000252   0x00000000   Code   RO         6323    .ARM.Collect$$libinit$$00000017  c_w.l(libinit2.o)
    0x08000252   0x00000000   Code   RO         6325    .ARM.Collect$$libinit$$00000019  c_w.l(libinit2.o)
    0x08000252   0x00000000   Code   RO         6327    .ARM.Collect$$libinit$$0000001B  c_w.l(libinit2.o)
    0x08000252   0x00000000   Code   RO         6329    .ARM.Collect$$libinit$$0000001D  c_w.l(libinit2.o)
    0x08000252   0x00000000   Code   RO         6331    .ARM.Collect$$libinit$$0000001F  c_w.l(libinit2.o)
    0x08000252   0x00000000   Code   RO         6333    .ARM.Collect$$libinit$$00000021  c_w.l(libinit2.o)
    0x08000252   0x00000000   Code   RO         6335    .ARM.Collect$$libinit$$00000023  c_w.l(libinit2.o)
    0x08000252   0x00000000   Code   RO         6337    .ARM.Collect$$libinit$$00000025  c_w.l(libinit2.o)
    0x08000252   0x00000000   Code   RO         6341    .ARM.Collect$$libinit$$0000002C  c_w.l(libinit2.o)
    0x08000252   0x00000000   Code   RO         6343    .ARM.Collect$$libinit$$0000002E  c_w.l(libinit2.o)
    0x08000252   0x00000000   Code   RO         6345    .ARM.Collect$$libinit$$00000030  c_w.l(libinit2.o)
    0x08000252   0x00000000   Code   RO         6347    .ARM.Collect$$libinit$$00000032  c_w.l(libinit2.o)
    0x08000252   0x00000002   Code   RO         6348    .ARM.Collect$$libinit$$00000033  c_w.l(libinit2.o)
    0x08000254   0x00000002   Code   RO         6540    .ARM.Collect$$libshutdown$$00000000  c_w.l(libshutdown.o)
    0x08000256   0x00000000   Code   RO         6498    .ARM.Collect$$libshutdown$$00000002  c_w.l(libshutdown2.o)
    0x08000256   0x00000000   Code   RO         6500    .ARM.Collect$$libshutdown$$00000004  c_w.l(libshutdown2.o)
    0x08000256   0x00000000   Code   RO         6503    .ARM.Collect$$libshutdown$$00000007  c_w.l(libshutdown2.o)
    0x08000256   0x00000000   Code   RO         6506    .ARM.Collect$$libshutdown$$0000000A  c_w.l(libshutdown2.o)
    0x08000256   0x00000000   Code   RO         6508    .ARM.Collect$$libshutdown$$0000000C  c_w.l(libshutdown2.o)
    0x08000256   0x00000000   Code   RO         6511    .ARM.Collect$$libshutdown$$0000000F  c_w.l(libshutdown2.o)
    0x08000256   0x00000002   Code   RO         6512    .ARM.Collect$$libshutdown$$00000010  c_w.l(libshutdown2.o)
    0x08000258   0x00000000   Code   RO         6264    .ARM.Collect$$rtentry$$00000000  c_w.l(__rtentry.o)
    0x08000258   0x00000000   Code   RO         6410    .ARM.Collect$$rtentry$$00000002  c_w.l(__rtentry2.o)
    0x08000258   0x00000006   Code   RO         6422    .ARM.Collect$$rtentry$$00000004  c_w.l(__rtentry4.o)
    0x0800025e   0x00000000   Code   RO         6412    .ARM.Collect$$rtentry$$00000009  c_w.l(__rtentry2.o)
    0x0800025e   0x00000004   Code   RO         6413    .ARM.Collect$$rtentry$$0000000A  c_w.l(__rtentry2.o)
    0x08000262   0x00000000   Code   RO         6415    .ARM.Collect$$rtentry$$0000000C  c_w.l(__rtentry2.o)
    0x08000262   0x00000008   Code   RO         6416    .ARM.Collect$$rtentry$$0000000D  c_w.l(__rtentry2.o)
    0x0800026a   0x00000002   Code   RO         6485    .ARM.Collect$$rtexit$$00000000  c_w.l(rtexit.o)
    0x0800026c   0x00000000   Code   RO         6516    .ARM.Collect$$rtexit$$00000002  c_w.l(rtexit2.o)
    0x0800026c   0x00000004   Code   RO         6517    .ARM.Collect$$rtexit$$00000003  c_w.l(rtexit2.o)
    0x08000270   0x00000006   Code   RO         6518    .ARM.Collect$$rtexit$$00000004  c_w.l(rtexit2.o)
    0x08000276   0x00000002   PAD
    0x08000278   0x00000040   Code   RO            4    .text               startup_stm32g474xx.o
    0x080002b8   0x000000ee   Code   RO         6188    .text               c_w.l(lludivv7m.o)
    0x080003a6   0x0000004e   Code   RO         6192    .text               c_w.l(rt_memclr_w.o)
    0x080003f4   0x00000006   Code   RO         6194    .text               c_w.l(heapauxi.o)
    0x080003fa   0x00000002   PAD
    0x080003fc   0x00000008   Code   RO         6406    .text               c_w.l(libspace.o)
    0x08000404   0x00000002   Code   RO         6454    .text               c_w.l(use_no_semi.o)
    0x08000406   0x00000000   Code   RO         6456    .text               c_w.l(indicate_semi.o)
    0x08000406   0x0000004a   Code   RO         6457    .text               c_w.l(sys_stackheap_outer.o)
    0x08000450   0x00000012   Code   RO         6463    .text               c_w.l(exit.o)
    0x08000462   0x00000002   PAD
    0x08000464   0x0000000c   Code   RO         6483    .text               c_w.l(sys_exit.o)
    0x08000470   0x00000002   Code   RO          453    i.BusFault_Handler  stm32g4xx_it.o
    0x08000472   0x00000002   PAD
    0x08000474   0x0000000c   Code   RO          454    i.DMA1_Channel1_IRQHandler  stm32g4xx_it.o
    0x08000480   0x00000040   Code   RO         1879    i.DMA_CalcDMAMUXChannelBaseAndMask  stm32g4xx_hal_dma.o
    0x080004c0   0x00000024   Code   RO         1880    i.DMA_CalcDMAMUXRequestGenBaseAndMask  stm32g4xx_hal_dma.o
    0x080004e4   0x00000002   Code   RO          455    i.DebugMon_Handler  stm32g4xx_it.o
    0x080004e6   0x00000004   Code   RO           13    i.Error_Handler     main.o
    0x080004ea   0x00000002   PAD
    0x080004ec   0x00000160   Code   RO          820    i.HAL_ADCEx_MultiModeConfigChannel  stm32g4xx_hal_adc_ex.o
    0x0800064c   0x0000046c   Code   RO          572    i.HAL_ADC_ConfigChannel  stm32g4xx_hal_adc.o
    0x08000ab8   0x00000230   Code   RO          581    i.HAL_ADC_Init      stm32g4xx_hal_adc.o
    0x08000ce8   0x00000048   Code   RO          220    i.HAL_ADC_MspInit   adc.o
    0x08000d30   0x000000ba   Code   RO         1887    i.HAL_DMA_IRQHandler  stm32g4xx_hal_dma.o
    0x08000dea   0x00000002   PAD
    0x08000dec   0x000000c0   Code   RO         1888    i.HAL_DMA_Init      stm32g4xx_hal_dma.o
    0x08000eac   0x00000218   Code   RO         2577    i.HAL_FDCAN_Init    stm32g4xx_hal_fdcan.o
    0x080010c4   0x0000007c   Code   RO          286    i.HAL_FDCAN_MspInit  fdcan.o
    0x08001140   0x00000248   Code   RO         1744    i.HAL_GPIO_Init     stm32g4xx_hal_gpio.o
    0x08001388   0x0000000c   Code   RO         1023    i.HAL_GetTick       stm32g4xx_hal.o
    0x08001394   0x00000010   Code   RO         1029    i.HAL_IncTick       stm32g4xx_hal.o
    0x080013a4   0x0000001e   Code   RO         1030    i.HAL_Init          stm32g4xx_hal.o
    0x080013c2   0x00000002   PAD
    0x080013c4   0x00000044   Code   RO         1031    i.HAL_InitTick      stm32g4xx_hal.o
    0x08001408   0x00000030   Code   RO          541    i.HAL_MspInit       stm32g4xx_hal_msp.o
    0x08001438   0x0000001a   Code   RO         2393    i.HAL_NVIC_EnableIRQ  stm32g4xx_hal_cortex.o
    0x08001452   0x00000002   PAD
    0x08001454   0x00000040   Code   RO         2399    i.HAL_NVIC_SetPriority  stm32g4xx_hal_cortex.o
    0x08001494   0x00000024   Code   RO         2400    i.HAL_NVIC_SetPriorityGrouping  stm32g4xx_hal_cortex.o
    0x080014b8   0x000000bc   Code   RO         2147    i.HAL_PWREx_ControlVoltageScaling  stm32g4xx_hal_pwr_ex.o
    0x08001574   0x00000010   Code   RO         2159    i.HAL_PWREx_DisableUCPDDeadBattery  stm32g4xx_hal_pwr_ex.o
    0x08001584   0x00000300   Code   RO         1390    i.HAL_RCCEx_PeriphCLKConfig  stm32g4xx_hal_rcc_ex.o
    0x08001884   0x000001dc   Code   RO         1265    i.HAL_RCC_ClockConfig  stm32g4xx_hal_rcc.o
    0x08001a60   0x00000024   Code   RO         1273    i.HAL_RCC_GetPCLK1Freq  stm32g4xx_hal_rcc.o
    0x08001a84   0x00000024   Code   RO         1274    i.HAL_RCC_GetPCLK2Freq  stm32g4xx_hal_rcc.o
    0x08001aa8   0x0000006c   Code   RO         1275    i.HAL_RCC_GetSysClockFreq  stm32g4xx_hal_rcc.o
    0x08001b14   0x00000404   Code   RO         1278    i.HAL_RCC_OscConfig  stm32g4xx_hal_rcc.o
    0x08001f18   0x000000ea   Code   RO         2929    i.HAL_SPI_Init      stm32g4xx_hal_spi.o
    0x08002002   0x00000002   PAD
    0x08002004   0x00000060   Code   RO          328    i.HAL_SPI_MspInit   spi.o
    0x08002064   0x00000028   Code   RO         2404    i.HAL_SYSTICK_Config  stm32g4xx_hal_cortex.o
    0x0800208c   0x00000002   Code   RO         3985    i.HAL_TIMEx_Break2Callback  stm32g4xx_hal_tim_ex.o
    0x0800208e   0x00000002   Code   RO         3986    i.HAL_TIMEx_BreakCallback  stm32g4xx_hal_tim_ex.o
    0x08002090   0x00000002   Code   RO         3987    i.HAL_TIMEx_CommutCallback  stm32g4xx_hal_tim_ex.o
    0x08002092   0x00000002   Code   RO         3998    i.HAL_TIMEx_DirectionChangeCallback  stm32g4xx_hal_tim_ex.o
    0x08002094   0x00000002   Code   RO         4012    i.HAL_TIMEx_EncoderIndexCallback  stm32g4xx_hal_tim_ex.o
    0x08002096   0x00000002   Code   RO         4026    i.HAL_TIMEx_IndexErrorCallback  stm32g4xx_hal_tim_ex.o
    0x08002098   0x000000b8   Code   RO         4027    i.HAL_TIMEx_MasterConfigSynchronization  stm32g4xx_hal_tim_ex.o
    0x08002150   0x00000002   Code   RO         4048    i.HAL_TIMEx_TransitionErrorCallback  stm32g4xx_hal_tim_ex.o
    0x08002152   0x00000062   Code   RO         3271    i.HAL_TIM_Base_Init  stm32g4xx_hal_tim.o
    0x080021b4   0x0000003c   Code   RO          370    i.HAL_TIM_Base_MspInit  tim.o
    0x080021f0   0x000000f0   Code   RO         3280    i.HAL_TIM_ConfigClockSource  stm32g4xx_hal_tim.o
    0x080022e0   0x00000002   Code   RO         3305    i.HAL_TIM_IC_CaptureCallback  stm32g4xx_hal_tim.o
    0x080022e2   0x000001a2   Code   RO         3319    i.HAL_TIM_IRQHandler  stm32g4xx_hal_tim.o
    0x08002484   0x00000002   Code   RO         3322    i.HAL_TIM_OC_DelayElapsedCallback  stm32g4xx_hal_tim.o
    0x08002486   0x00000002   Code   RO         3349    i.HAL_TIM_PWM_PulseFinishedCallback  stm32g4xx_hal_tim.o
    0x08002488   0x00000002   Code   RO         3357    i.HAL_TIM_PeriodElapsedCallback  stm32g4xx_hal_tim.o
    0x0800248a   0x00000002   Code   RO         3362    i.HAL_TIM_TriggerCallback  stm32g4xx_hal_tim.o
    0x0800248c   0x0000003e   Code   RO         4834    i.HAL_UARTEx_DisableFifoMode  stm32g4xx_hal_uart_ex.o
    0x080024ca   0x0000004c   Code   RO         4843    i.HAL_UARTEx_SetRxFifoThreshold  stm32g4xx_hal_uart_ex.o
    0x08002516   0x0000004c   Code   RO         4844    i.HAL_UARTEx_SetTxFifoThreshold  stm32g4xx_hal_uart_ex.o
    0x08002562   0x0000006a   Code   RO         4443    i.HAL_UART_Init     stm32g4xx_hal_uart.o
    0x080025cc   0x000000b0   Code   RO          412    i.HAL_UART_MspInit  usart.o
    0x0800267c   0x00000002   Code   RO          456    i.HardFault_Handler  stm32g4xx_it.o
    0x0800267e   0x0000000c   Code   RO          595    i.LL_ADC_GetOffsetChannel  stm32g4xx_hal_adc.o
    0x0800268a   0x00000008   Code   RO          596    i.LL_ADC_INJ_IsConversionOngoing  stm32g4xx_hal_adc.o
    0x08002692   0x00000008   Code   RO          597    i.LL_ADC_REG_IsConversionOngoing  stm32g4xx_hal_adc.o
    0x0800269a   0x00000008   Code   RO          830    i.LL_ADC_REG_IsConversionOngoing  stm32g4xx_hal_adc_ex.o
    0x080026a2   0x0000001e   Code   RO          600    i.LL_ADC_SetChannelSamplingTime  stm32g4xx_hal_adc.o
    0x080026c0   0x00000010   Code   RO          601    i.LL_ADC_SetOffsetState  stm32g4xx_hal_adc.o
    0x080026d0   0x00000090   Code   RO          221    i.MX_ADC1_Init      adc.o
    0x08002760   0x0000003c   Code   RO          261    i.MX_DMA_Init       dma.o
    0x0800279c   0x00000058   Code   RO          287    i.MX_FDCAN1_Init    fdcan.o
    0x080027f4   0x0000002c   Code   RO          195    i.MX_GPIO_Init      gpio.o
    0x08002820   0x00000050   Code   RO          329    i.MX_SPI1_Init      spi.o
    0x08002870   0x0000006c   Code   RO          371    i.MX_TIM1_Init      tim.o
    0x080028dc   0x00000068   Code   RO          413    i.MX_USART1_UART_Init  usart.o
    0x08002944   0x00000002   Code   RO          457    i.MemManage_Handler  stm32g4xx_it.o
    0x08002946   0x00000002   Code   RO          458    i.NMI_Handler       stm32g4xx_it.o
    0x08002948   0x00000002   Code   RO          459    i.PendSV_Handler    stm32g4xx_it.o
    0x0800294a   0x00000002   Code   RO          460    i.SVC_Handler       stm32g4xx_it.o
    0x0800294c   0x00000004   Code   RO          461    i.SysTick_Handler   stm32g4xx_it.o
    0x08002950   0x00000068   Code   RO           14    i.SystemClock_Config  main.o
    0x080029b8   0x00000010   Code   RO         4953    i.SystemInit        system_stm32g4xx.o
    0x080029c8   0x0000000c   Code   RO          462    i.TIM1_UP_TIM16_IRQHandler  stm32g4xx_it.o
    0x080029d4   0x000000e4   Code   RO         3364    i.TIM_Base_SetConfig  stm32g4xx_hal_tim.o
    0x08002ab8   0x00000014   Code   RO         3375    i.TIM_ETR_SetConfig  stm32g4xx_hal_tim.o
    0x08002acc   0x00000014   Code   RO         3376    i.TIM_ITRx_SetConfig  stm32g4xx_hal_tim.o
    0x08002ae0   0x00000022   Code   RO         3384    i.TIM_TI1_ConfigInputStage  stm32g4xx_hal_tim.o
    0x08002b02   0x00000024   Code   RO         3386    i.TIM_TI2_ConfigInputStage  stm32g4xx_hal_tim.o
    0x08002b26   0x00000002   PAD
    0x08002b28   0x00000044   Code   RO         4848    i.UARTEx_SetNbDataToProcess  stm32g4xx_hal_uart_ex.o
    0x08002b6c   0x000000c8   Code   RO         4457    i.UART_AdvFeatureConfig  stm32g4xx_hal_uart.o
    0x08002c34   0x000000ac   Code   RO         4458    i.UART_CheckIdleState  stm32g4xx_hal_uart.o
    0x08002ce0   0x00000054   Code   RO         4469    i.UART_EndRxTransfer  stm32g4xx_hal_uart.o
    0x08002d34   0x00000298   Code   RO         4475    i.UART_SetConfig    stm32g4xx_hal_uart.o
    0x08002fcc   0x00000094   Code   RO         4482    i.UART_WaitOnFlagUntilTimeout  stm32g4xx_hal_uart.o
    0x08003060   0x00000002   Code   RO          463    i.UsageFault_Handler  stm32g4xx_it.o
    0x08003062   0x00000020   Code   RO         2406    i.__NVIC_SetPriority  stm32g4xx_hal_cortex.o
    0x08003082   0x00000026   Code   RO           15    i.main              main.o
    0x080030a8   0x0000000a   Code   RO         6450    x$fpl$fpinit        g_wm.l(fpinit.o)
    0x080030b2   0x00000018   Data   RO         4483    .constdata          stm32g4xx_hal_uart.o
    0x080030ca   0x00000010   Data   RO         4849    .constdata          stm32g4xx_hal_uart_ex.o
    0x080030da   0x00000010   Data   RO         4954    .constdata          system_stm32g4xx.o
    0x080030ea   0x00000008   Data   RO         4955    .constdata          system_stm32g4xx.o
    0x080030f2   0x00000002   PAD
    0x080030f4   0x00000020   Data   RO         6541    Region$$Table       anon$$obj.o


    Execution Region RW_IRAM1 (Base: 0x20000000, Size: 0x000008e8, Max: 0x00020000, ABSOLUTE)

    Base Addr    Size         Type   Attr      Idx    E Section Name        Object

    0x20000000   0x0000000c   Data   RW         1050    .data               stm32g4xx_hal.o
    0x2000000c   0x00000004   Data   RW         4956    .data               system_stm32g4xx.o
    0x20000010   0x0000006c   Zero   RW          222    .bss                adc.o
    0x2000007c   0x00000064   Zero   RW          288    .bss                fdcan.o
    0x200000e0   0x00000064   Zero   RW          330    .bss                spi.o
    0x20000144   0x0000004c   Zero   RW          372    .bss                tim.o
    0x20000190   0x000000f4   Zero   RW          414    .bss                usart.o
    0x20000284   0x00000060   Zero   RW         6407    .bss                c_w.l(libspace.o)
    0x200002e4   0x00000004   PAD
    0x200002e8   0x00000200   Zero   RW            2    HEAP                startup_stm32g474xx.o
    0x200004e8   0x00000400   Zero   RW            1    STACK               startup_stm32g474xx.o


==============================================================================

Image component sizes


      Code (inc. data)   RO Data    RW Data    ZI Data      Debug   Object Name

       216         14          0          0        108       1853   adc.o
        60          4          0          0          0        866   dma.o
       212         16          0          0        100       1903   fdcan.o
        44          6          0          0          0        851   gpio.o
       146          0          0          0          0     946981   main.o
       176         16          0          0        100       1805   spi.o
        64         26        472          0       1536        872   startup_stm32g474xx.o
       126         20          0         12          0       3845   stm32g4xx_hal.o
      1766        116          0          0          0      74767   stm32g4xx_hal_adc.o
       360         26          0          0          0      69307   stm32g4xx_hal_adc_ex.o
       198         14          0          0          0      33991   stm32g4xx_hal_cortex.o
       478         30          0          0          0       3488   stm32g4xx_hal_dma.o
       536         24          0          0          0       3905   stm32g4xx_hal_fdcan.o
       584         34          0          0          0       1740   stm32g4xx_hal_gpio.o
        48          6          0          0          0        922   stm32g4xx_hal_msp.o
       204         18          0          0          0       1457   stm32g4xx_hal_pwr_ex.o
      1684         88          0          0          0       6432   stm32g4xx_hal_rcc.o
       768         10          0          0          0       2024   stm32g4xx_hal_rcc_ex.o
       234          0          0          0          0       1327   stm32g4xx_hal_spi.o
      1104         48          0          0          0      10757   stm32g4xx_hal_tim.o
       198         34          0          0          0       5672   stm32g4xx_hal_tim_ex.o
      1374         76         24          0          0      25326   stm32g4xx_hal_uart.o
       282          6         16          0          0       3813   stm32g4xx_hal_uart_ex.o
        44         12          0          0          0       5420   stm32g4xx_it.o
        16          4         24          4          0       1211   system_stm32g4xx.o
       168         18          0          0         76       1814   tim.o
       280         26          0          0        244       1993   usart.o

    ----------------------------------------------------------------------
     11384        692        570         16       2164    1214342   Object Totals
         0          0         32          0          0          0   (incl. Generated)
        14          0          2          0          0          0   (incl. Padding)

    ----------------------------------------------------------------------

      Code (inc. data)   RO Data    RW Data    ZI Data      Debug   Library Member Name

         8          0          0          0          0         68   __main.o
         0          0          0          0          0          0   __rtentry.o
        12          0          0          0          0          0   __rtentry2.o
         6          0          0          0          0          0   __rtentry4.o
        52          8          0          0          0          0   __scatter.o
        26          0          0          0          0          0   __scatter_copy.o
        28          0          0          0          0          0   __scatter_zi.o
        18          0          0          0          0         80   exit.o
         6          0          0          0          0        152   heapauxi.o
         0          0          0          0          0          0   indicate_semi.o
         2          0          0          0          0          0   libinit.o
         6          0          0          0          0          0   libinit2.o
         2          0          0          0          0          0   libshutdown.o
         2          0          0          0          0          0   libshutdown2.o
         8          4          0          0         96         68   libspace.o
       238          0          0          0          0        100   lludivv7m.o
        78          0          0          0          0         80   rt_memclr_w.o
         2          0          0          0          0          0   rtexit.o
        10          0          0          0          0          0   rtexit2.o
        12          4          0          0          0         68   sys_exit.o
        74          0          0          0          0         80   sys_stackheap_outer.o
         2          0          0          0          0         68   use_no_semi.o
        10          0          0          0          0        116   fpinit.o

    ----------------------------------------------------------------------
       610         16          0          0        100        880   Library Totals
         8          0          0          0          4          0   (incl. Padding)

    ----------------------------------------------------------------------

      Code (inc. data)   RO Data    RW Data    ZI Data      Debug   Library Name

       592         16          0          0         96        764   c_w.l
        10          0          0          0          0        116   g_wm.l

    ----------------------------------------------------------------------
       610         16          0          0        100        880   Library Totals

    ----------------------------------------------------------------------

==============================================================================


      Code (inc. data)   RO Data    RW Data    ZI Data      Debug   

     11994        708        570         16       2264    1206462   Grand Totals
     11994        708        570         16       2264    1206462   ELF Image Totals
     11994        708        570         16          0          0   ROM Totals

==============================================================================

    Total RO  Size (Code + RO Data)                12564 (  12.27kB)
    Total RW  Size (RW Data + ZI Data)              2280 (   2.23kB)
    Total ROM Size (Code + RO Data + RW Data)      12580 (  12.29kB)

==============================================================================

